Component: ARM Compiler 5.06 update 6 (build 750) Tool: armlink [4d35ed]

==============================================================================

Section Cross References

    main.o(i.main) refers to _printf_percent.o(.ARM.Collect$$_printf_percent$$00000000) for _printf_percent
    main.o(i.main) refers to _printf_f.o(.ARM.Collect$$_printf_percent$$00000003) for _printf_f
    main.o(i.main) refers to printf1.o(x$fpl$printf1) for _printf_fp_dec
    main.o(i.main) refers to jidianqi.o(i.JiDdianQi_Init) for JiDdianQi_Init
    main.o(i.main) refers to delay.o(i.delay_init) for delay_init
    main.o(i.main) refers to adc.o(i.Adc_Init) for Adc_Init
    main.o(i.main) refers to misc.o(i.NVIC_PriorityGroupConfig) for NVIC_PriorityGroupConfig
    main.o(i.main) refers to usart.o(i.uart_init) for uart_init
    main.o(i.main) refers to noretval__2printf.o(.text) for __2printf
    main.o(i.main) refers to key.o(i.KEY_Init) for KEY_Init
    main.o(i.main) refers to led.o(i.LED_Init) for LED_Init
    main.o(i.main) refers to lcd.o(i.LCD_Init) for LCD_Init
    main.o(i.main) refers to dac.o(i.Dac1_Init) for Dac1_Init
    main.o(i.main) refers to usart2.o(i.uart2_init) for uart2_init
    main.o(i.main) refers to usart3.o(i.uart3_init) for uart3_init
    main.o(i.main) refers to timer.o(i.TIM3_Int_Init) for TIM3_Int_Init
    main.o(i.main) refers to exti.o(i.EXTIX_Init) for EXTIX_Init
    main.o(i.main) refers to lcd.o(i.LCD_ShowString) for LCD_ShowString
    main.o(i.main) refers to dac.o(i.Dac1_Set_Vol) for Dac1_Set_Vol
    main.o(i.main) refers to delay.o(i.delay_s) for delay_s
    main.o(i.main) refers to usart3.o(i.get_kg_data) for get_kg_data
    main.o(i.main) refers to dflt_clz.o(x$fpl$dflt) for __aeabi_i2d
    main.o(i.main) refers to gaojibeng.o(i.GaoJiBeng_XianShi) for GaoJiBeng_XianShi
    main.o(i.main) refers to daddsub_clz.o(x$fpl$dsub) for __aeabi_dsub
    main.o(i.main) refers to stm32f10x_usart.o(i.USART_ReceiveData) for USART_ReceiveData
    main.o(i.main) refers to delay.o(i.deyay_min) for deyay_min
    main.o(i.main) refers to usmart_config.o(.data) for usmart_dev
    main.o(i.main) refers to lcd.o(.data) for POINT_COLOR
    main.o(i.main) refers to main.o(.data) for Res
    system_stm32f10x.o(i.SetSysClock) refers to system_stm32f10x.o(i.SetSysClockTo72) for SetSysClockTo72
    system_stm32f10x.o(i.SystemCoreClockUpdate) refers to system_stm32f10x.o(.data) for SystemCoreClock
    system_stm32f10x.o(i.SystemInit) refers to system_stm32f10x.o(i.SetSysClock) for SetSysClock
    led.o(i.LED_Init) refers to stm32f10x_rcc.o(i.RCC_APB2PeriphClockCmd) for RCC_APB2PeriphClockCmd
    led.o(i.LED_Init) refers to stm32f10x_gpio.o(i.GPIO_Init) for GPIO_Init
    led.o(i.LED_Init) refers to stm32f10x_gpio.o(i.GPIO_SetBits) for GPIO_SetBits
    jidianqi.o(i.JiDdianQi_Init) refers to stm32f10x_rcc.o(i.RCC_APB2PeriphClockCmd) for RCC_APB2PeriphClockCmd
    jidianqi.o(i.JiDdianQi_Init) refers to stm32f10x_gpio.o(i.GPIO_Init) for GPIO_Init
    jidianqi.o(i.JiDdianQi_Init) refers to stm32f10x_gpio.o(i.GPIO_ResetBits) for GPIO_ResetBits
    adc.o(i.Adc_Init) refers to stm32f10x_rcc.o(i.RCC_APB2PeriphClockCmd) for RCC_APB2PeriphClockCmd
    adc.o(i.Adc_Init) refers to stm32f10x_rcc.o(i.RCC_ADCCLKConfig) for RCC_ADCCLKConfig
    adc.o(i.Adc_Init) refers to stm32f10x_gpio.o(i.GPIO_Init) for GPIO_Init
    adc.o(i.Adc_Init) refers to stm32f10x_adc.o(i.ADC_DeInit) for ADC_DeInit
    adc.o(i.Adc_Init) refers to stm32f10x_adc.o(i.ADC_Init) for ADC_Init
    adc.o(i.Adc_Init) refers to stm32f10x_adc.o(i.ADC_Cmd) for ADC_Cmd
    adc.o(i.Adc_Init) refers to stm32f10x_adc.o(i.ADC_ResetCalibration) for ADC_ResetCalibration
    adc.o(i.Adc_Init) refers to stm32f10x_adc.o(i.ADC_GetResetCalibrationStatus) for ADC_GetResetCalibrationStatus
    adc.o(i.Adc_Init) refers to stm32f10x_adc.o(i.ADC_StartCalibration) for ADC_StartCalibration
    adc.o(i.Adc_Init) refers to stm32f10x_adc.o(i.ADC_GetCalibrationStatus) for ADC_GetCalibrationStatus
    adc.o(i.Get_Adc) refers to stm32f10x_adc.o(i.ADC_RegularChannelConfig) for ADC_RegularChannelConfig
    adc.o(i.Get_Adc) refers to stm32f10x_adc.o(i.ADC_SoftwareStartConvCmd) for ADC_SoftwareStartConvCmd
    adc.o(i.Get_Adc) refers to stm32f10x_adc.o(i.ADC_GetFlagStatus) for ADC_GetFlagStatus
    adc.o(i.Get_Adc) refers to stm32f10x_adc.o(i.ADC_GetConversionValue) for ADC_GetConversionValue
    adc.o(i.Get_Adc_Average) refers to adc.o(i.Get_Adc) for Get_Adc
    adc.o(i.Get_Adc_Average) refers to delay.o(i.delay_ms) for delay_ms
    dac.o(i.Dac1_Init) refers to stm32f10x_rcc.o(i.RCC_APB2PeriphClockCmd) for RCC_APB2PeriphClockCmd
    dac.o(i.Dac1_Init) refers to stm32f10x_rcc.o(i.RCC_APB1PeriphClockCmd) for RCC_APB1PeriphClockCmd
    dac.o(i.Dac1_Init) refers to stm32f10x_gpio.o(i.GPIO_Init) for GPIO_Init
    dac.o(i.Dac1_Init) refers to stm32f10x_gpio.o(i.GPIO_SetBits) for GPIO_SetBits
[...]
    __rt_lib_init_alloca_1                   0x0800022b   Thumb Code     0  libinit2.o(.ARM.Collect$$libinit$$0000002E)
    __rt_lib_init_argv_1                     0x0800022b   Thumb Code     0  libinit2.o(.ARM.Collect$$libinit$$0000002C)
    __rt_lib_init_atexit_1                   0x0800022b   Thumb Code     0  libinit2.o(.ARM.Collect$$libinit$$0000001B)
    __rt_lib_init_clock_1                    0x0800022b   Thumb Code     0  libinit2.o(.ARM.Collect$$libinit$$00000021)
    __rt_lib_init_cpp_1                      0x0800022b   Thumb Code     0  libinit2.o(.ARM.Collect$$libinit$$00000032)
    __rt_lib_init_exceptions_1               0x0800022b   Thumb Code     0  libinit2.o(.ARM.Collect$$libinit$$00000030)
    __rt_lib_init_fp_trap_1                  0x0800022b   Thumb Code     0  libinit2.o(.ARM.Collect$$libinit$$0000001F)
    __rt_lib_init_getenv_1                   0x0800022b   Thumb Code     0  libinit2.o(.ARM.Collect$$libinit$$00000023)
    __rt_lib_init_lc_numeric_1               0x0800022b   Thumb Code     0  libinit2.o(.ARM.Collect$$libinit$$00000017)
    __rt_lib_init_lc_time_1                  0x0800022b   Thumb Code     0  libinit2.o(.ARM.Collect$$libinit$$00000019)
    __rt_lib_init_return                     0x0800022b   Thumb Code     0  libinit2.o(.ARM.Collect$$libinit$$00000033)
    __rt_lib_init_signal_1                   0x0800022b   Thumb Code     0  libinit2.o(.ARM.Collect$$libinit$$0000001D)
    __rt_lib_init_stdio_1                    0x0800022b   Thumb Code     0  libinit2.o(.ARM.Collect$$libinit$$00000025)
    __rt_lib_shutdown                        0x0800022d   Thumb Code     0  libshutdown.o(.ARM.Collect$$libshutdown$$00000000)
    __rt_lib_shutdown_cpp_1                  0x0800022f   Thumb Code     0  libshutdown2.o(.ARM.Collect$$libshutdown$$00000002)
    __rt_lib_shutdown_fp_trap_1              0x0800022f   Thumb Code     0  libshutdown2.o(.ARM.Collect$$libshutdown$$00000007)
    __rt_lib_shutdown_heap_1                 0x0800022f   Thumb Code     0  libshutdown2.o(.ARM.Collect$$libshutdown$$0000000F)
    __rt_lib_shutdown_return                 0x0800022f   Thumb Code     0  libshutdown2.o(.ARM.Collect$$libshutdown$$00000010)
    __rt_lib_shutdown_signal_1               0x0800022f   Thumb Code     0  libshutdown2.o(.ARM.Collect$$libshutdown$$0000000A)
    __rt_lib_shutdown_stdio_1                0x0800022f   Thumb Code     0  libshutdown2.o(.ARM.Collect$$libshutdown$$00000004)
    __rt_lib_shutdown_user_alloc_1           0x0800022f   Thumb Code     0  libshutdown2.o(.ARM.Collect$$libshutdown$$0000000C)
    __rt_entry                               0x08000231   Thumb Code     0  __rtentry.o(.ARM.Collect$$rtentry$$00000000)
    __rt_entry_presh_1                       0x08000231   Thumb Code     0  __rtentry2.o(.ARM.Collect$$rtentry$$00000002)
    __rt_entry_sh                            0x08000231   Thumb Code     0  __rtentry4.o(.ARM.Collect$$rtentry$$00000004)
    __rt_entry_li                            0x08000237   Thumb Code     0  __rtentry2.o(.ARM.Collect$$rtentry$$0000000A)
    __rt_entry_postsh_1                      0x08000237   Thumb Code     0  __rtentry2.o(.ARM.Collect$$rtentry$$00000009)
    __rt_entry_main                          0x0800023b   Thumb Code     0  __rtentry2.o(.ARM.Collect$$rtentry$$0000000D)
    __rt_entry_postli_1                      0x0800023b   Thumb Code     0  __rtentry2.o(.ARM.Collect$$rtentry$$0000000C)
    __rt_exit                                0x08000243   Thumb Code     0  rtexit.o(.ARM.Collect$$rtexit$$00000000)
    __rt_exit_ls                             0x08000245   Thumb Code     0  rtexit2.o(.ARM.Collect$$rtexit$$00000003)
    __rt_exit_prels_1                        0x08000245   Thumb Code     0  rtexit2.o(.ARM.Collect$$rtexit$$00000002)
    __rt_exit_exit                           0x08000249   Thumb Code     0  rtexit2.o(.ARM.Collect$$rtexit$$00000004)
    Reset_Handler                            0x08000251   Thumb Code     8  startup_stm32f10x_hd.o(.text)
    ADC1_2_IRQHandler                        0x0800026b   Thumb Code     0  startup_stm32f10x_hd.o(.text)
    ADC3_IRQHandler                          0x0800026b   Thumb Code     0  startup_stm32f10x_hd.o(.text)
    CAN1_RX1_IRQHandler                      0x0800026b   Thumb Code     0  startup_stm32f10x_hd.o(.text)
    CAN1_SCE_IRQHandler                      0x0800026b   Thumb Code     0  startup_stm32f10x_hd.o(.text)
    DMA1_Channel1_IRQHandler                 0x0800026b   Thumb Code     0  startup_stm32f10x_hd.o(.text)
    DMA1_Channel2_IRQHandler                 0x0800026b   Thumb Code     0  startup_stm32f10x_hd.o(.text)
    DMA1_Channel3_IRQHandler                 0x0800026b   Thumb Code     0  startup_stm32f10x_hd.o(.text)
    DMA1_Channel4_IRQHandler                 0x0800026b   Thumb Code     0  startup_stm32f10x_hd.o(.text)
    DMA1_Channel5_IRQHandler                 0x0800026b   Thumb Code     0  startup_stm32f10x_hd.o(.text)
    DMA1_Channel6_IRQHandler                 0x0800026b   Thumb Code     0  startup_stm32f10x_hd.o(.text)
    DMA1_Channel7_IRQHandler                 0x0800026b   Thumb Code     0  startup_stm32f10x_hd.o(.text)
    DMA2_Channel1_IRQHandler                 0x0800026b   Thumb Code     0  startup_stm32f10x_hd.o(.text)
    DMA2_Channel2_IRQHandler                 0x0800026b   Thumb Code     0  startup_stm32f10x_hd.o(.text)
    DMA2_Channel3_IRQHandler                 0x0800026b   Thumb Code     0  startup_stm32f10x_hd.o(.text)
    DMA2_Channel4_5_IRQHandler               0x0800026b   Thumb Code     0  startup_stm32f10x_hd.o(.text)
    EXTI15_10_IRQHandler                     0x0800026b   Thumb Code     0  startup_stm32f10x_hd.o(.text)
    EXTI1_IRQHandler                         0x0800026b   Thumb Code     0  startup_stm32f10x_hd.o(.text)
    EXTI9_5_IRQHandler                       0x0800026b   Thumb Code     0  startup_stm32f10x_hd.o(.text)
    FLASH_IRQHandler                         0x0800026b   Thumb Code     0  startup_stm32f10x_hd.o(.text)
    FSMC_IRQHandler                          0x0800026b   Thumb Code     0  startup_stm32f10x_hd.o(.text)
    I2C1_ER_IRQHandler                       0x0800026b   Thumb Code     0  startup_stm32f10x_hd.o(.text)
    I2C1_EV_IRQHandler                       0x0800026b   Thumb Code     0  startup_stm32f10x_hd.o(.text)
    I2C2_ER_IRQHandler                       0x0800026b   Thumb Code     0  startup_stm32f10x_hd.o(.text)
    I2C2_EV_IRQHandler                       0x0800026b   Thumb Code     0  startup_stm32f10x_hd.o(.text)
    PVD_IRQHandler                           0x0800026b   Thumb Code     0  startup_stm32f10x_hd.o(.text)
    RCC_IRQHandler                           0x0800026b   Thumb Code     0  startup_stm32f10x_hd.o(.text)
    RTCAlarm_IRQHandler                      0x0800026b   Thumb Code     0  startup_stm32f10x_hd.o(.text)
    RTC_IRQHandler                           0x0800026b   Thumb Code     0  startup_stm32f10x_hd.o(.text)
    SPI1_IRQHandler                          0x0800026b   Thumb Code     0  startup_stm32f10x_hd.o(.text)
    SPI2_IRQHandler                          0x0800026b   Thumb Code     0  startup_stm32f10x_hd.o(.text)
    SPI3_IRQHandler                          0x0800026b   Thumb Code     0  startup_stm32f10x_hd.o(.text)
    TAMPER_IRQHandler                        0x0800026b   Thumb Code     0  startup_stm32f10x_hd.o(.text)
    TIM1_BRK_IRQHandler                      0x0800026b   Thumb Code     0  startup_stm32f10x_hd.o(.text)
    TIM1_CC_IRQHandler                       0x0800026b   Thumb Code     0  startup_stm32f10x_hd.o(.text)
    TIM1_TRG_COM_IRQHandler                  0x0800026b   Thumb Code     0  startup_stm32f10x_hd.o(.text)
    TIM1_UP_IRQHandler                       0x0800026b   Thumb Code     0  startup_stm32f10x_hd.o(.text)
    TIM2_IRQHandler                          0x0800026b   Thumb Code     0  startup_stm32f10x_hd.o(.text)
    TIM5_IRQHandler                          0x0800026b   Thumb Code     0  startup_stm32f10x_hd.o(.text)
    TIM6_IRQHandler                          0x0800026b   Thumb Code     0  startup_stm32f10x_hd.o(.text)
    TIM7_IRQHandler                          0x0800026b   Thumb Code     0  startup_stm32f10x_hd.o(.text)
    TIM8_BRK_IRQHandler                      0x0800026b   Thumb Code     0  startup_stm32f10x_hd.o(.text)
    TIM8_CC_IRQHandler                       0x0800026b   Thumb Code     0  startup_stm32f10x_hd.o(.text)
    TIM8_TRG_COM_IRQHandler                  0x0800026b   Thumb Code     0  startup_stm32f10x_hd.o(.text)
    TIM8_UP_IRQHandler                       0x0800026b   Thumb Code     0  startup_stm32f10x_hd.o(.text)
    UART4_IRQHandler                         0x0800026b   Thumb Code     0  startup_stm32f10x_hd.o(.text)
    UART5_IRQHandler                         0x0800026b   Thumb Code     0  startup_stm32f10x_hd.o(.text)
    USBWakeUp_IRQHandler                     0x0800026b   Thumb Code     0  startup_stm32f10x_hd.o(.text)
    USB_HP_CAN1_TX_IRQHandler                0x0800026b   Thumb Code     0  startup_stm32f10x_hd.o(.text)
    USB_LP_CAN1_RX0_IRQHandler               0x0800026b   Thumb Code     0  startup_stm32f10x_hd.o(.text)
    WWDG_IRQHandler                          0x0800026b   Thumb Code     0  startup_stm32f10x_hd.o(.text)
    __user_initial_stackheap                 0x0800026d   Thumb Code     0  startup_stm32f10x_hd.o(.text)
    __use_no_semihosting                     0x08000291   Thumb Code     2  use_no_semi_2.o(.text)
    __2printf                                0x08000295   Thumb Code    20  noretval__2printf.o(.text)
    _printf_pre_padding                      0x080002ad   Thumb Code    44  _printf_pad.o(.text)
    _printf_post_padding                     0x080002d9   Thumb Code    34  _printf_pad.o(.text)
    _printf_str                              0x080002fb   Thumb Code    82  _printf_str.o(.text)
    _printf_int_dec                          0x0800034d   Thumb Code   104  _printf_dec.o(.text)
    _printf_int_hex                          0x080003c5   Thumb Code    84  _printf_hex_int.o(.text)
    _printf_longlong_hex                     0x080003c5   Thumb Code     0  _printf_hex_int.o(.text)
    __printf                                 0x0800041d   Thumb Code   388  __printf_flags_ss_wp.o(.text)
    __0sscanf                                0x080005a5   Thumb Code    52  __0sscanf.o(.text)
    _scanf_string                            0x080005e1   Thumb Code   224  _scanf_str.o(.text)
    __aeabi_memclr                           0x080006c1   Thumb Code     0  rt_memclr.o(.text)
    __rt_memclr                              0x080006c1   Thumb Code    68  rt_memclr.o(.text)
    _memset                                  0x080006c5   Thumb Code     0  rt_memclr.o(.text)
    strcmp                                   0x08000705   Thumb Code   128  strcmpv7m.o(.text)
    __use_two_region_memory                  0x08000785   Thumb Code     2  heapauxi.o(.text)
    __rt_heap_escrow$2region                 0x08000787   Thumb Code     2  heapauxi.o(.text)
    __rt_heap_expand$2region                 0x08000789   Thumb Code     2  heapauxi.o(.text)
    __I$use$semihosting                      0x0800078b   Thumb Code     0  use_no_semi.o(.text)
    __use_no_semihosting_swi                 0x0800078b   Thumb Code     2  use_no_semi.o(.text)
    _printf_int_common                       0x0800078d   Thumb Code   178  _printf_intcommon.o(.text)
    __lib_sel_fp_printf                      0x0800083f   Thumb Code     2  _printf_fp_dec.o(.text)
    _printf_fp_dec_real                      0x080009f1   Thumb Code   620  _printf_fp_dec.o(.text)
    _printf_cs_common                        0x08000c5d   Thumb Code    20  _printf_char.o(.text)
    _printf_char                             0x08000c71   Thumb Code    16  _printf_char.o(.text)
    _printf_string                           0x08000c81   Thumb Code     8  _printf_char.o(.text)
    _printf_char_file                        0x08000c89   Thumb Code    32  _printf_char_file.o(.text)
    _scanf_really_real                       0x08000ef9   Thumb Code   684  scanf_fp.o(.text)
    __vfscanf_char                           0x080011b1   Thumb Code    24  scanf_char.o(.text)
    _sgetc                                   0x080011d1   Thumb Code    30  _sgetc.o(.text)
    _sbackspace                              0x080011ef   Thumb Code    34  _sgetc.o(.text)
    __aeabi_memclr4                          0x08001211   Thumb Code     0  rt_memclr_w.o(.text)
    __aeabi_memclr8                          0x08001211   Thumb Code     0  rt_memclr_w.o(.text)
    __rt_memclr_w                            0x08001211   Thumb Code    78  rt_memclr_w.o(.text)
    _memset_w                                0x08001215   Thumb Code     0  rt_memclr_w.o(.text)
    __rt_locale                              0x08001261   Thumb Code     8  rt_locale_intlibspace.o(.text)
    __aeabi_errno_addr                       0x08001269   Thumb Code     8  rt_errno_addr_intlibspace.o(.text)
    __errno$intlibspace                      0x08001269   Thumb Code     0  rt_errno_addr_intlibspace.o(.text)
    __rt_errno_addr$intlibspace              0x08001269   Thumb Code     0  rt_errno_addr_intlibspace.o(.text)
    _ll_udiv10                               0x08001271   Thumb Code   138  lludiv10.o(.text)
    isspace                                  0x080012fb   Thumb Code    18  isspace.o(.text)
    _printf_char_common                      0x08001317   Thumb Code    32  _printf_char_common.o(.text)
    _printf_fp_infnan                        0x0800133d   Thumb Code   112  _printf_fp_infnan.o(.text)
    __vfscanf                                0x080013bd   Thumb Code   878  _scanf.o(.text)
    _btod_etento                             0x08001731   Thumb Code   224  bigflt0.o(.text)
    ferror                                   0x08001815   Thumb Code     8  ferror.o(.text)
    __user_libspace                          0x0800181d   Thumb Code     8  libspace.o(.text)
    __user_perproc_libspace                  0x0800181d   Thumb Code     0  libspace.o(.text)
    __user_perthread_libspace                0x0800181d   Thumb Code     0  libspace.o(.text)
    __user_setup_stackheap                   0x08001825   Thumb Code    74  sys_stackheap_outer.o(.text)
    __rt_ctype_table                         0x08001871   Thumb Code    16  rt_ctype_table.o(.text)
    __read_errno                             0x08001881   Thumb Code    10  _rserrno.o(.text)
    __set_errno                              0x0800188b   Thumb Code    12  _rserrno.o(.text)
    _scanf_really_hex_real                   0x08001899   Thumb Code   786  scanf_hexfp.o(.text)
    _scanf_really_infnan                     0x08001bb9   Thumb Code   292  scanf_infnan.o(.text)
    exit                                     0x08001ced   Thumb Code    18  exit.o(.text)
    __aeabi_llsl                             0x08001cff   Thumb Code     0  llshl.o(.text)
    _ll_shift_l                              0x08001cff   Thumb Code    38  llshl.o(.text)
    _chval                                   0x08001d25   Thumb Code    28  _chval.o(.text)
    _btod_d2e                                0x08001d41   Thumb Code    62  btod.o(CL$$btod_d2e)
    _d2e_denorm_low                          0x08001d7f   Thumb Code    70  btod.o(CL$$btod_d2e_denorm_low)
    _d2e_norm_op1                            0x08001dc5   Thumb Code    96  btod.o(CL$$btod_d2e_norm_op1)
    __btod_div_common                        0x08001e25   Thumb Code   696  btod.o(CL$$btod_div_common)
    _e2d                                     0x0800215d   Thumb Code   122  btod.o(CL$$btod_e2d)
    _e2e                                     0x080021e1   Thumb Code   220  btod.o(CL$$btod_e2e)
    _btod_ediv                               0x080022bd   Thumb Code    42  btod.o(CL$$btod_ediv)
    _btod_edivd                              0x080022e7   Thumb Code    42  btod.o(CL$$btod_edivd)
    _btod_emul                               0x08002311   Thumb Code    42  btod.o(CL$$btod_emul)
    _btod_emuld                              0x0800233b   Thumb Code    42  btod.o(CL$$btod_emuld)
    __btod_mult_common                       0x08002365   Thumb Code   580  btod.o(CL$$btod_mult_common)
    ADC_Cmd                                  0x080025a9   Thumb Code    22  stm32f10x_adc.o(i.ADC_Cmd)
    ADC_DeInit                               0x080025c1   Thumb Code    78  stm32f10x_adc.o(i.ADC_DeInit)
    ADC_GetCalibrationStatus                 0x0800261d   Thumb Code    20  stm32f10x_adc.o(i.ADC_GetCalibrationStatus)
    ADC_GetConversionValue                   0x08002631   Thumb Code     8  stm32f10x_adc.o(i.ADC_GetConversionValue)
    ADC_GetFlagStatus                        0x08002639   Thumb Code    18  stm32f10x_adc.o(i.ADC_GetFlagStatus)
    ADC_GetResetCalibrationStatus            0x0800264b   Thumb Code    20  stm32f10x_adc.o(i.ADC_GetResetCalibrationStatus)
    ADC_Init                                 0x08002661   Thumb Code    70  stm32f10x_adc.o(i.ADC_Init)
    ADC_RegularChannelConfig                 0x080026b1   Thumb Code   184  stm32f10x_adc.o(i.ADC_RegularChannelConfig)
    ADC_ResetCalibration                     0x08002769   Thumb Code    10  stm32f10x_adc.o(i.ADC_ResetCalibration)
    ADC_SoftwareStartConvCmd                 0x08002773   Thumb Code    22  stm32f10x_adc.o(i.ADC_SoftwareStartConvCmd)
    ADC_StartCalibration                     0x08002789   Thumb Code    10  stm32f10x_adc.o(i.ADC_StartCalibration)
    Adc_Init                                 0x08002795   Thumb Code   132  adc.o(i.Adc_Init)
    BusFault_Handler                         0x08002821   Thumb Code     4  stm32f10x_it.o(i.BusFault_Handler)
    CmdResp1Error                            0x08002825   Thumb Code    90  sdio_sdcard.o(i.CmdResp1Error)
    DAC_Cmd                                  0x08002885   Thumb Code    34  stm32f10x_dac.o(i.DAC_Cmd)
    DAC_Init                                 0x080028ad   Thumb Code    46  stm32f10x_dac.o(i.DAC_Init)
    DAC_SetChannel1Data                      0x080028e1   Thumb Code    26  stm32f10x_dac.o(i.DAC_SetChannel1Data)
    DMA_Cmd                                  0x08002901   Thumb Code    24  stm32f10x_dma.o(i.DMA_Cmd)
    DMA_DeInit                               0x08002919   Thumb Code   324  stm32f10x_dma.o(i.DMA_DeInit)
    DMA_GetCurrDataCounter                   0x08002a65   Thumb Code     8  stm32f10x_dma.o(i.DMA_GetCurrDataCounter)
    DMA_Init                                 0x08002a6d   Thumb Code    60  stm32f10x_dma.o(i.DMA_Init)
    DMA_SetCurrDataCounter                   0x08002aa9   Thumb Code     4  stm32f10x_dma.o(i.DMA_SetCurrDataCounter)
    Dac1_Init                                0x08002aad   Thumb Code    94  dac.o(i.Dac1_Init)
    Dac1_Set_Vol                             0x08002b11   Thumb Code    80  dac.o(i.Dac1_Set_Vol)
    DebugMon_Handler                         0x08002b69   Thumb Code     2  stm32f10x_it.o(i.DebugMon_Handler)
    EXTI0_IRQHandler                         0x08002b6d   Thumb Code    44  exti.o(i.EXTI0_IRQHandler)
    EXTI2_IRQHandler                         0x08002ba1   Thumb Code    42  exti.o(i.EXTI2_IRQHandler)
    EXTI3_IRQHandler                         0x08002bd5   Thumb Code    42  exti.o(i.EXTI3_IRQHandler)
    EXTI4_IRQHandler                         0x08002c09   Thumb Code    42  exti.o(i.EXTI4_IRQHandler)
    EXTIX_Init                               0x08002c3d   Thumb Code   228  exti.o(i.EXTIX_Init)
    EXTI_ClearITPendingBit                   0x08002d21   Thumb Code     6  stm32f10x_exti.o(i.EXTI_ClearITPendingBit)
    EXTI_Init                                0x08002d2d   Thumb Code   142  stm32f10x_exti.o(i.EXTI_Init)
    FSMC_NORSRAMCmd                          0x08002dc1   Thumb Code    46  stm32f10x_fsmc.o(i.FSMC_NORSRAMCmd)
    FSMC_NORSRAMInit                         0x08002df5   Thumb Code   230  stm32f10x_fsmc.o(i.FSMC_NORSRAMInit)
    GPIO_EXTILineConfig                      0x08002edd   Thumb Code    60  stm32f10x_gpio.o(i.GPIO_EXTILineConfig)
    GPIO_Init                                0x08002f1d   Thumb Code   278  stm32f10x_gpio.o(i.GPIO_Init)
    GPIO_ReadInputDataBit                    0x08003033   Thumb Code    18  stm32f10x_gpio.o(i.GPIO_ReadInputDataBit)
    GPIO_ResetBits                           0x08003045   Thumb Code     4  stm32f10x_gpio.o(i.GPIO_ResetBits)
    GPIO_SetBits                             0x08003049   Thumb Code     4  stm32f10x_gpio.o(i.GPIO_SetBits)
    GaoJiBeng_XianShi                        0x0800304d   Thumb Code   166  gaojibeng.o(i.GaoJiBeng_XianShi)
    Get_Adc                                  0x08003105   Thumb Code    46  adc.o(i.Get_Adc)
    Get_Adc_Average                          0x08003139   Thumb Code    46  adc.o(i.Get_Adc_Average)
    HardFault_Handler                        0x08003167   Thumb Code     4  stm32f10x_it.o(i.HardFault_Handler)
    JiDdianQi_Init                           0x0800316d   Thumb Code   200  jidianqi.o(i.JiDdianQi_Init)
    KEY_Init                                 0x08003239   Thumb Code    52  key.o(i.KEY_Init)
    LCD_Clear                                0x08003275   Thumb Code   100  lcd.o(i.LCD_Clear)
    LCD_Display_Dir                          0x080032e1   Thumb Code   444  lcd.o(i.LCD_Display_Dir)
    LCD_Fast_DrawPoint                       0x080034a1   Thumb Code   370  lcd.o(i.LCD_Fast_DrawPoint)
    LCD_Init                                 0x0800361d   Thumb Code 14186  lcd.o(i.LCD_Init)
    LCD_Pow                                  0x08006d91   Thumb Code    22  lcd.o(i.LCD_Pow)
    LCD_RD_DATA                              0x08006da9   Thumb Code    14  lcd.o(i.LCD_RD_DATA)
    LCD_ReadReg                              0x08006dbd   Thumb Code    22  lcd.o(i.LCD_ReadReg)
    LCD_SSD_BackLightSet                     0x08006dd5   Thumb Code    80  lcd.o(i.LCD_SSD_BackLightSet)
    LCD_Scan_Dir                             0x08006e29   Thumb Code   744  lcd.o(i.LCD_Scan_Dir)
    LCD_SetCursor                            0x08007115   Thumb Code   418  lcd.o(i.LCD_SetCursor)
    LCD_ShowChar                             0x080072bd   Thumb Code   272  lcd.o(i.LCD_ShowChar)
    LCD_ShowString                           0x080073e5   Thumb Code   102  lcd.o(i.LCD_ShowString)
    LCD_ShowxNum                             0x0800744b   Thumb Code   190  lcd.o(i.LCD_ShowxNum)
    LCD_WR_DATA                              0x08007509   Thumb Code     6  lcd.o(i.LCD_WR_DATA)
    LCD_WR_REG                               0x08007515   Thumb Code     6  lcd.o(i.LCD_WR_REG)
    LCD_WriteRAM_Prepare                     0x08007521   Thumb Code    10  lcd.o(i.LCD_WriteRAM_Prepare)
    LCD_WriteReg                             0x08007535   Thumb Code    10  lcd.o(i.LCD_WriteReg)
    LED_Init                                 0x08007545   Thumb Code    68  led.o(i.LED_Init)
    MemManage_Handler                        0x08007591   Thumb Code     4  stm32f10x_it.o(i.MemManage_Handler)
    NMI_Handler                              0x08007595   Thumb Code     2  stm32f10x_it.o(i.NMI_Handler)
    NVIC_Init                                0x08007599   Thumb Code   100  misc.o(i.NVIC_Init)
    NVIC_PriorityGroupConfig                 0x08007609   Thumb Code    10  misc.o(i.NVIC_PriorityGroupConfig)
    PendSV_Handler                           0x0800761d   Thumb Code     2  stm32f10x_it.o(i.PendSV_Handler)
    RCC_ADCCLKConfig                         0x08007621   Thumb Code    18  stm32f10x_rcc.o(i.RCC_ADCCLKConfig)
    RCC_AHBPeriphClockCmd                    0x08007639   Thumb Code    26  stm32f10x_rcc.o(i.RCC_AHBPeriphClockCmd)
    RCC_APB1PeriphClockCmd                   0x08007659   Thumb Code    26  stm32f10x_rcc.o(i.RCC_APB1PeriphClockCmd)
    RCC_APB2PeriphClockCmd                   0x08007679   Thumb Code    26  stm32f10x_rcc.o(i.RCC_APB2PeriphClockCmd)
    RCC_APB2PeriphResetCmd                   0x08007699   Thumb Code    26  stm32f10x_rcc.o(i.RCC_APB2PeriphResetCmd)
    RCC_GetClocksFreq                        0x080076b9   Thumb Code   192  stm32f10x_rcc.o(i.RCC_GetClocksFreq)
    SDIO_ClearFlag                           0x0800778d   Thumb Code     6  stm32f10x_sdio.o(i.SDIO_ClearFlag)
    SDIO_GetFlagStatus                       0x08007799   Thumb Code    20  stm32f10x_sdio.o(i.SDIO_GetFlagStatus)
    SDIO_IRQHandler                          0x080077b1   Thumb Code     8  sdio_sdcard.o(i.SDIO_IRQHandler)
    SDIO_SendCommand                         0x080077b9   Thumb Code    38  stm32f10x_sdio.o(i.SDIO_SendCommand)
    SD_ProcessIRQSrc                         0x080077e5   Thumb Code   296  sdio_sdcard.o(i.SD_ProcessIRQSrc)
    SVC_Handler                              0x08007921   Thumb Code     2  stm32f10x_it.o(i.SVC_Handler)
    SysTick_CLKSourceConfig                  0x08007a0d   Thumb Code    40  misc.o(i.SysTick_CLKSourceConfig)
    SysTick_Handler                          0x08007a35   Thumb Code     2  stm32f10x_it.o(i.SysTick_Handler)
    SystemInit                               0x08007a39   Thumb Code    78  system_stm32f10x.o(i.SystemInit)
    TIM3_IRQHandler                          0x08007a99   Thumb Code    34  timer.o(i.TIM3_IRQHandler)
    TIM3_Int_Init                            0x08007ac5   Thumb Code    90  timer.o(i.TIM3_Int_Init)
    TIM4_IRQHandler                          0x08007b25   Thumb Code    46  usmart.o(i.TIM4_IRQHandler)
    TIM_ClearFlag                            0x08007b5d   Thumb Code     6  stm32f10x_tim.o(i.TIM_ClearFlag)
    TIM_ClearITPendingBit                    0x08007b63   Thumb Code     6  stm32f10x_tim.o(i.TIM_ClearITPendingBit)
    TIM_Cmd                                  0x08007b69   Thumb Code    24  stm32f10x_tim.o(i.TIM_Cmd)
    TIM_GetCounter                           0x08007b81   Thumb Code     6  stm32f10x_tim.o(i.TIM_GetCounter)
    TIM_GetFlagStatus                        0x08007b87   Thumb Code    18  stm32f10x_tim.o(i.TIM_GetFlagStatus)
    TIM_GetITStatus                          0x08007b99   Thumb Code    34  stm32f10x_tim.o(i.TIM_GetITStatus)
    TIM_ITConfig                             0x08007bbb   Thumb Code    18  stm32f10x_tim.o(i.TIM_ITConfig)
    TIM_SetAutoreload                        0x08007bcd   Thumb Code     4  stm32f10x_tim.o(i.TIM_SetAutoreload)
    TIM_SetCounter                           0x08007bd1   Thumb Code     4  stm32f10x_tim.o(i.TIM_SetCounter)
    TIM_TimeBaseInit                         0x08007bd5   Thumb Code   122  stm32f10x_tim.o(i.TIM_TimeBaseInit)
    Timer4_Init                              0x08007c79   Thumb Code    88  usmart.o(i.Timer4_Init)
    USART1_IRQHandler                        0x08007cd5   Thumb Code   122  usart.o(i.USART1_IRQHandler)
    USART2_IRQHandler                        0x08007d5d   Thumb Code   108  usart2.o(i.USART2_IRQHandler)
    USART3_IRQHandler                        0x08007dd9   Thumb Code   108  usart3.o(i.USART3_IRQHandler)
    USART_ClearITPendingBit                  0x08007e55   Thumb Code    30  stm32f10x_usart.o(i.USART_ClearITPendingBit)
    USART_Cmd                                0x08007e73   Thumb Code    24  stm32f10x_usart.o(i.USART_Cmd)
    USART_DMACmd                             0x08007e8b   Thumb Code    18  stm32f10x_usart.o(i.USART_DMACmd)
    USART_GetITStatus                        0x08007e9d   Thumb Code    84  stm32f10x_usart.o(i.USART_GetITStatus)
    USART_ITConfig                           0x08007ef1   Thumb Code    74  stm32f10x_usart.o(i.USART_ITConfig)
    USART_Init                               0x08007f3d   Thumb Code   210  stm32f10x_usart.o(i.USART_Init)
    USART_ReceiveData                        0x08008015   Thumb Code    10  stm32f10x_usart.o(i.USART_ReceiveData)
    UsageFault_Handler                       0x0800801f   Thumb Code     4  stm32f10x_it.o(i.UsageFault_Handler)
    __ARM_fpclassify                         0x08008023   Thumb Code    40  fpclassify.o(i.__ARM_fpclassify)
    __mathlib_dbl_overflow                   0x0800804b   Thumb Code    14  dunder.o(i.__mathlib_dbl_overflow)
    __mathlib_dbl_underflow                  0x08008059   Thumb Code    10  dunder.o(i.__mathlib_dbl_underflow)
    __mathlib_narrow                         0x08008069   Thumb Code    16  narrow.o(i.__mathlib_narrow)
    __mathlib_tofloat                        0x08008079   Thumb Code   184  narrow.o(i.__mathlib_tofloat)
    __support_ldexp                          0x08008135   Thumb Code    22  ldexp.o(i.__support_ldexp)
    _is_digit                                0x0800814b   Thumb Code    14  __printf_wp.o(i._is_digit)
    _sys_exit                                0x08008159   Thumb Code     6  usart.o(i._sys_exit)
    byte2float                               0x0800815f   Thumb Code    24  usart2.o(i.byte2float)
    delay_init                               0x08008179   Thumb Code    50  delay.o(i.delay_init)
    delay_ms                                 0x080081bd   Thumb Code    72  delay.o(i.delay_ms)
    delay_s                                  0x08008209   Thumb Code    26  delay.o(i.delay_s)
    delay_us                                 0x08008225   Thumb Code    72  delay.o(i.delay_us)
    deyay_min                                0x08008271   Thumb Code    40  delay.o(i.deyay_min)
    fputc                                    0x08008299   Thumb Code    24  usart.o(i.fputc)
    frexp                                    0x080082b5   Thumb Code    80  frexp.o(i.frexp)
    get_kg_data                              0x0800830d   Thumb Code     6  usart3.o(i.get_kg_data)
    ldexp                                    0x08008319   Thumb Code   116  ldexp.o(i.ldexp)
    main                                     0x0800838d   Thumb Code  1200  main.o(i.main)
    parse_dianzichen_data                    0x08008845   Thumb Code    60  usart3.o(i.parse_dianzichen_data)
    parse_recv_data                          0x080088d5   Thumb Code    90  usart2.o(i.parse_recv_data)
    read_addr                                0x08008979   Thumb Code     6  usmart.o(i.read_addr)
    uart2_init                               0x08008981   Thumb Code   228  usart2.o(i.uart2_init)
    uart3_init                               0x08008a75   Thumb Code   232  usart3.o(i.uart3_init)
    uart_init                                0x08008b6d   Thumb Code   152  usart.o(i.uart_init)
    usmart_cmd_rec                           0x08008c0d   Thumb Code   170  usmart.o(i.usmart_cmd_rec)
    usmart_exe                               0x08008cbd   Thumb Code   632  usmart.o(i.usmart_exe)
    usmart_get_aparm                         0x08008f91   Thumb Code   200  usmart_str.o(i.usmart_get_aparm)
    usmart_get_cmdname                       0x08009059   Thumb Code    54  usmart_str.o(i.usmart_get_cmdname)
    usmart_get_fname                         0x08009091   Thumb Code   440  usmart_str.o(i.usmart_get_fname)
    usmart_get_fparam                        0x08009251   Thumb Code   262  usmart_str.o(i.usmart_get_fparam)
    usmart_get_parmpos                       0x0800935d   Thumb Code    26  usmart_str.o(i.usmart_get_parmpos)
    usmart_get_runtime                       0x0800937d   Thumb Code    60  usmart.o(i.usmart_get_runtime)
    usmart_init                              0x080093c1   Thumb Code    36  usmart.o(i.usmart_init)
    usmart_pow                               0x080093e9   Thumb Code    22  usmart_str.o(i.usmart_pow)
    usmart_reset_runtime                     0x08009401   Thumb Code    38  usmart.o(i.usmart_reset_runtime)
    usmart_scan                              0x08009431   Thumb Code   120  usmart.o(i.usmart_scan)
    usmart_search_nextc                      0x080094ed   Thumb Code    22  usmart_str.o(i.usmart_search_nextc)
    usmart_str2num                           0x08009503   Thumb Code   202  usmart_str.o(i.usmart_str2num)
    usmart_strcmp                            0x080095cd   Thumb Code    34  usmart_str.o(i.usmart_strcmp)
    usmart_strcopy                           0x080095ef   Thumb Code    22  usmart_str.o(i.usmart_strcopy)
    usmart_strlen                            0x08009605   Thumb Code    24  usmart_str.o(i.usmart_strlen)
    usmart_sys_cmd_exe                       0x0800961d   Thumb Code  1554  usmart.o(i.usmart_sys_cmd_exe)
    write_addr                               0x08009d01   Thumb Code     4  usmart.o(i.write_addr)
    _get_lc_numeric                          0x08009d05   Thumb Code    44  lc_numeric_c.o(locale$$code)
    _get_lc_ctype                            0x08009d31   Thumb Code    44  lc_ctype_c.o(locale$$code)
    __aeabi_d2f                              0x08009d5d   Thumb Code     0  d2f.o(x$fpl$d2f)
    _d2f                                     0x08009d5d   Thumb Code    98  d2f.o(x$fpl$d2f)
    __aeabi_dadd                             0x08009dc1   Thumb Code     0  daddsub_clz.o(x$fpl$dadd)
    _dadd                                    0x08009dc1   Thumb Code   332  daddsub_clz.o(x$fpl$dadd)
    __fpl_dcheck_NaN1                        0x08009f11   Thumb Code    10  dcheck1.o(x$fpl$dcheck1)
    __fpl_dcmp_Inf                           0x08009f21   Thumb Code    24  dcmpi.o(x$fpl$dcmpinf)
    __aeabi_ddiv                             0x08009f39   Thumb Code     0  ddiv.o(x$fpl$ddiv)
    _ddiv                                    0x08009f39   Thumb Code   552  ddiv.o(x$fpl$ddiv)
    __aeabi_cdcmpeq                          0x0800a1e9   Thumb Code     0  deqf.o(x$fpl$deqf)
    _dcmpeq                                  0x0800a1e9   Thumb Code   120  deqf.o(x$fpl$deqf)
    __aeabi_d2uiz                            0x0800a261   Thumb Code     0  dfixu.o(x$fpl$dfixu)
    _dfixu                                   0x0800a261   Thumb Code    90  dfixu.o(x$fpl$dfixu)
    __aeabi_i2d                              0x0800a2bb   Thumb Code     0  dflt_clz.o(x$fpl$dflt)
    _dflt                                    0x0800a2bb   Thumb Code    46  dflt_clz.o(x$fpl$dflt)
    __aeabi_ui2d                             0x0800a2e9   Thumb Code     0  dflt_clz.o(x$fpl$dfltu)
    _dfltu                                   0x0800a2e9   Thumb Code    38  dflt_clz.o(x$fpl$dfltu)
    __aeabi_cdcmple                          0x0800a311   Thumb Code     0  dleqf.o(x$fpl$dleqf)
    _dcmple                                  0x0800a311   Thumb Code   120  dleqf.o(x$fpl$dleqf)
    __fpl_dcmple_InfNaN                      0x0800a373   Thumb Code     0  dleqf.o(x$fpl$dleqf)
    __aeabi_dmul                             0x0800a389   Thumb Code     0  dmul.o(x$fpl$dmul)
    _dmul                                    0x0800a389   Thumb Code   332  dmul.o(x$fpl$dmul)
    __fpl_dnaninf                            0x0800a4dd   Thumb Code   156  dnaninf.o(x$fpl$dnaninf)
    __fpl_dretinf                            0x0800a579   Thumb Code    12  dretinf.o(x$fpl$dretinf)
    __aeabi_cdrcmple                         0x0800a585   Thumb Code     0  drleqf.o(x$fpl$drleqf)
    _drcmple                                 0x0800a585   Thumb Code   108  drleqf.o(x$fpl$drleqf)
    __aeabi_dsub                             0x0800a5f1   Thumb Code     0  daddsub_clz.o(x$fpl$dsub)
    _dsub                                    0x0800a5f1   Thumb Code   464  daddsub_clz.o(x$fpl$dsub)
    __aeabi_f2d                              0x0800a7c5   Thumb Code     0  f2d.o(x$fpl$f2d)
    _f2d                                     0x0800a7c5   Thumb Code    86  f2d.o(x$fpl$f2d)
    __aeabi_fadd                             0x0800a81d   Thumb Code     0  faddsub_clz.o(x$fpl$fadd)
    _fadd                                    0x0800a81d   Thumb Code   196  faddsub_clz.o(x$fpl$fadd)
    __aeabi_fdiv                             0x0800a8e1   Thumb Code     0  fdiv.o(x$fpl$fdiv)
    _fdiv                                    0x0800a8e1   Thumb Code   384  fdiv.o(x$fpl$fdiv)
    __aeabi_f2uiz                            0x0800aa65   Thumb Code     0  ffixu.o(x$fpl$ffixu)
    _ffixu                                   0x0800aa65   Thumb Code    62  ffixu.o(x$fpl$ffixu)
    __aeabi_ui2f                             0x0800aaa5   Thumb Code     0  fflt_clz.o(x$fpl$ffltu)
    _ffltu                                   0x0800aaa5   Thumb Code    38  fflt_clz.o(x$fpl$ffltu)
    __aeabi_fmul                             0x0800aacd   Thumb Code     0  fmul.o(x$fpl$fmul)
    _fmul                                    0x0800aacd   Thumb Code   258  fmul.o(x$fpl$fmul)
    __fpl_fnaninf                            0x0800abcf   Thumb Code   140  fnaninf.o(x$fpl$fnaninf)
    __fpl_fretinf                            0x0800ac5b   Thumb Code    10  fretinf.o(x$fpl$fretinf)
    __aeabi_frsub                            0x0800ac65   Thumb Code     0  faddsub_clz.o(x$fpl$frsb)
    _frsb                                    0x0800ac65   Thumb Code    20  faddsub_clz.o(x$fpl$frsb)
    __aeabi_fsub                             0x0800ac79   Thumb Code     0  faddsub_clz.o(x$fpl$fsub)
    _fsub                                    0x0800ac79   Thumb Code   234  faddsub_clz.o(x$fpl$fsub)
    __ieee_status                            0x0800ad63   Thumb Code     6  istatus.o(x$fpl$ieeestatus)
    _printf_fp_dec                           0x0800ad69   Thumb Code     4  printf1.o(x$fpl$printf1)
    __fpl_return_NaN                         0x0800ad6d   Thumb Code   100  retnan.o(x$fpl$retnan)
    __ARM_scalbn                             0x0800add1   Thumb Code    92  scalbn.o(x$fpl$scalbn)
    _scanf_real                              0x0800ae2d   Thumb Code     4  scanf1.o(x$fpl$scanf1)
    _scanf_hex_real                          0x0800ae31   Thumb Code     4  scanf2.o(x$fpl$scanf2)
    _scanf_infnan                            0x0800ae35   Thumb Code     4  scanf2.o(x$fpl$scanf2)
    __fpl_cmpreturn                          0x0800ae39   Thumb Code    48  trapv.o(x$fpl$trapveneer)
    __I$use$fp                               0x0800ae68   Number         0  usenofp.o(x$fpl$usenofp)
    asc2_1206                                0x0800ae68   Data        1140  lcd.o(.constdata)
    asc2_1608                                0x0800b2dc   Data        1520  lcd.o(.constdata)
    asc2_2412                                0x0800b8cc   Data        3420  lcd.o(.constdata)
    Region$$Table$$Base                      0x0800c7a8   Number         0  anon$$obj.o(Region$$Table)
    Region$$Table$$Limit                     0x0800c7c8   Number         0  anon$$obj.o(Region$$Table)
    __aeabi_HUGE_VAL                         0x0800c7c8   Data           0  fpconst.o(c$$dinf)
    __aeabi_HUGE_VALL                        0x0800c7c8   Data           0  fpconst.o(c$$dinf)
    __aeabi_INFINITY                         0x0800c7c8   Data           0  fpconst.o(c$$dinf)
    __dInf                                   0x0800c7c8   Data           0  fpconst.o(c$$dinf)
    __huge_val                               0x0800c7c8   Data           0  fpconst.o(c$$dinf)
    __dbl_max                                0x0800c7d0   Data           0  fpconst.o(c$$dmax)
    __ctype                                  0x0800c801   Data           0  lc_ctype_c.o(locale$$data)
    zhuanhuanzhi                             0x20000000   Data           1  main.o(.data)
    GJBZ                                     0x20000001   Data           1  main.o(.data)
    Res                                      0x20000002   Data           1  main.o(.data)
    adcx                                     0x20000004   Data           2  main.o(.data)
    dacval                                   0x20000006   Data           2  main.o(.data)
    temp                                     0x20000008   Data           4  main.o(.data)
    biaozhi                                  0x2000000c   Data           1  main.o(.data)
    i                                        0x2000000d   Data           1  main.o(.data)
    SystemCoreClock                          0x20000010   Data           4  system_stm32f10x.o(.data)
    AHBPrescTable                            0x20000014   Data          16  system_stm32f10x.o(.data)
    POINT_COLOR                              0x20000024   Data           2  lcd.o(.data)
    BACK_COLOR                               0x20000026   Data           2  lcd.o(.data)
    USART3_RX_STA                            0x20000028   Data           2  usart3.o(.data)
    kg_data                                  0x20000030   Data           8  usart3.o(.data)
    TransferError                            0x20000042   Data           1  sdio_sdcard.o(.data)
    TransferEnd                              0x20000043   Data           1  sdio_sdcard.o(.data)
    tempbuff                                 0x20000044   Data           4  sdio_sdcard.o(.data)
    __stdout                                 0x2000004c   Data           4  usart.o(.data)
    USART_RX_STA                             0x20000050   Data           2  usart.o(.data)
    sys_cmd_tab                              0x20000068   Data          28  usmart.o(.data)
    usmart_nametab                           0x20000084   Data          40  usmart_config.o(.data)
    usmart_dev                               0x200000ac   Data         244  usmart_config.o(.data)
    lcddev                                   0x200001a0   Data          14  lcd.o(.bss)
    USART3_RX_BUF                            0x200001ae   Data         200  usart3.o(.bss)
    SDIO_InitStructure                       0x20000378   Data          24  sdio_sdcard.o(.bss)
    SDIO_CmdInitStructure                    0x20000390   Data          20  sdio_sdcard.o(.bss)
    SDIO_DataInitStructure                   0x200003a4   Data          24  sdio_sdcard.o(.bss)
    SDCardInfo                               0x200003e0   Data          88  sdio_sdcard.o(.bss)
    SDIO_DATA_BUFFER                         0x20000438   Data         512  sdio_sdcard.o(.bss)
    recv_data                                0x200006b8   Data         128  usart2.o(.bss)
    current_data                             0x20000738   Data         128  usart2.o(.bss)
    USART_RX_BUF                             0x200007b8   Data         200  usart.o(.bss)
    __libspace_start                         0x20000880   Data          96  libspace.o(.bss)
    __temporary_stack_top$libspace           0x200008e0   Data           0  libspace.o(.bss)
    mem2base                                 0x68000000   Data       983040  malloc.o(.ARM.__AT_0x68000000)
    mem2mapbase                              0x680f0000   Data       61440  malloc.o(.ARM.__AT_0x680F0000)



==============================================================================

Memory Map of the image

  Image Entry point : 0x08000251

  Load Region LR_1 (Base: 0x08000000, Size: 0x0000caa4, Max: 0xffffffff, ABSOLUTE, COMPRESSED[0x0000c978])

    Execution Region ER_RO (Exec base: 0x08000000, Load base: 0x08000000, Size: 0x0000c904, Max: 0xffffffff, ABSOLUTE)

    Exec Addr    Load Addr    Size         Type   Attr      Idx    E Section Name        Object

    0x08000000   0x08000000   0x00000130   Data   RO         1216    RESET               startup_stm32f10x_hd.o
    0x08000130   0x08000130   0x00000008   Code   RO         5185  * !!!main             c_w.l(__main.o)
    0x08000138   0x08000138   0x00000034   Code   RO         5574    !!!scatter          c_w.l(__scatter.o)
    0x0800016c   0x0800016c   0x0000005a   Code   RO         5572    !!dczerorl2         c_w.l(__dczerorl2.o)
    0x080001c6   0x080001c6   0x00000002   PAD
    0x080001c8   0x080001c8   0x0000001c   Code   RO         5576    !!handler_zi        c_w.l(__scatter_zi.o)
    0x080001e4   0x080001e4   0x00000000   Code   RO         5166    .ARM.Collect$$_printf_percent$$00000000  c_w.l(_printf_percent.o)
    0x080001e4   0x080001e4   0x00000006   Code   RO         5165    .ARM.Collect$$_printf_percent$$00000003  c_w.l(_printf_f.o)
    0x080001ea   0x080001ea   0x00000006   Code   RO         5163    .ARM.Collect$$_printf_percent$$00000009  c_w.l(_printf_d.o)
    0x080001f0   0x080001f0   0x00000006   Code   RO         5164    .ARM.Collect$$_printf_percent$$0000000A  c_w.l(_printf_u.o)
    0x080001f6   0x080001f6   0x00000006   Code   RO         5162    .ARM.Collect$$_printf_percent$$0000000C  c_w.l(_printf_x.o)
    0x080001fc   0x080001fc   0x00000006   Code   RO         5160    .ARM.Collect$$_printf_percent$$00000013  c_w.l(_printf_c.o)
    0x08000202   0x08000202   0x00000006   Code   RO         5161    .ARM.Collect$$_printf_percent$$00000014  c_w.l(_printf_s.o)
    0x08000208   0x08000208   0x00000004   Code   RO         5254    .ARM.Collect$$_printf_percent$$00000017  c_w.l(_printf_percent_end.o)
    0x0800020c   0x0800020c   0x00000002   Code   RO         5391    .ARM.Collect$$libinit$$00000000  c_w.l(libinit.o)
    0x0800020e   0x0800020e   0x00000000   Code   RO         5393    .ARM.Collect$$libinit$$00000002  c_w.l(libinit2.o)
    0x0800020e   0x0800020e   0x00000000   Code   RO         5395    .ARM.Collect$$libinit$$00000004  c_w.l(libinit2.o)
    0x0800020e   0x0800020e   0x00000000   Code   RO         5398    .ARM.Collect$$libinit$$0000000A  c_w.l(libinit2.o)
    0x0800020e   0x0800020e   0x00000000   Code   RO         5400    .ARM.Collect$$libinit$$0000000C  c_w.l(libinit2.o)
    0x0800020e   0x0800020e   0x00000000   Code   RO         5402    .ARM.Collect$$libinit$$0000000E  c_w.l(libinit2.o)
    0x0800020e   0x0800020e   0x00000006   Code   RO         5403    .ARM.Collect$$libinit$$0000000F  c_w.l(libinit2.o)
    0x08000214   0x08000214   0x00000000   Code   RO         5405    .ARM.Collect$$libinit$$00000011  c_w.l(libinit2.o)
    0x08000214   0x08000214   0x0000000c   Code   RO         5406    .ARM.Collect$$libinit$$00000012  c_w.l(libinit2.o)
    0x08000220   0x08000220   0x00000000   Code   RO         5407    .ARM.Collect$$libinit$$00000013  c_w.l(libinit2.o)
    0x08000220   0x08000220   0x00000000   Code   RO         5409    .ARM.Collect$$libinit$$00000015  c_w.l(libinit2.o)
    0x08000220   0x08000220   0x0000000a   Code   RO         5410    .ARM.Collect$$libinit$$00000016  c_w.l(libinit2.o)
    0x0800022a   0x0800022a   0x00000000   Code   RO         5411    .ARM.Collect$$libinit$$00000017  c_w.l(libinit2.o)
    0x0800022a   0x0800022a   0x00000000   Code   RO         5413    .ARM.Collect$$libinit$$00000019  c_w.l(libinit2.o)
    0x0800022a   0x0800022a   0x00000000   Code   RO         5415    .ARM.Collect$$libinit$$0000001B  c_w.l(libinit2.o)
    0x0800022a   0x0800022a   0x00000000   Code   RO         5417    .ARM.Collect$$libinit$$0000001D  c_w.l(libinit2.o)
    0x0800022a   0x0800022a   0x00000000   Code   RO         5419    .ARM.Collect$$libinit$$0000001F  c_w.l(libinit2.o)
    0x0800022a   0x0800022a   0x00000000   Code   RO         5421    .ARM.Collect$$libinit$$00000021  c_w.l(libinit2.o)
    0x0800022a   0x0800022a   0x00000000   Code   RO         5423    .ARM.Collect$$libinit$$00000023  c_w.l(libinit2.o)
    0x0800022a   0x0800022a   0x00000000   Code   RO         5425    .ARM.Collect$$libinit$$00000025  c_w.l(libinit2.o)
    0x0800022a   0x0800022a   0x00000000   Code   RO         5429    .ARM.Collect$$libinit$$0000002C  c_w.l(libinit2.o)
    0x0800022a   0x0800022a   0x00000000   Code   RO         5431    .ARM.Collect$$libinit$$0000002E  c_w.l(libinit2.o)
    0x0800022a   0x0800022a   0x00000000   Code   RO         5433    .ARM.Collect$$libinit$$00000030  c_w.l(libinit2.o)
    0x0800022a   0x0800022a   0x00000000   Code   RO         5435    .ARM.Collect$$libinit$$00000032  c_w.l(libinit2.o)
    0x0800022a   0x0800022a   0x00000002   Code   RO         5436    .ARM.Collect$$libinit$$00000033  c_w.l(libinit2.o)
    0x0800022c   0x0800022c   0x00000002   Code   RO         5528    .ARM.Collect$$libshutdown$$00000000  c_w.l(libshutdown.o)
    0x0800022e   0x0800022e   0x00000000   Code   RO         5539    .ARM.Collect$$libshutdown$$00000002  c_w.l(libshutdown2.o)
    0x0800022e   0x0800022e   0x00000000   Code   RO         5541    .ARM.Collect$$libshutdown$$00000004  c_w.l(libshutdown2.o)
    0x0800022e   0x0800022e   0x00000000   Code   RO         5544    .ARM.Collect$$libshutdown$$00000007  c_w.l(libshutdown2.o)
    0x0800022e   0x0800022e   0x00000000   Code   RO         5547    .ARM.Collect$$libshutdown$$0000000A  c_w.l(libshutdown2.o)
    0x0800022e   0x0800022e   0x00000000   Code   RO         5549    .ARM.Collect$$libshutdown$$0000000C  c_w.l(libshutdown2.o)
    0x0800022e   0x0800022e   0x00000000   Code   RO         5552    .ARM.Collect$$libshutdown$$0000000F  c_w.l(libshutdown2.o)
    0x0800022e   0x0800022e   0x00000002   Code   RO         5553    .ARM.Collect$$libshutdown$$00000010  c_w.l(libshutdown2.o)
    0x08000230   0x08000230   0x00000000   Code   RO         5243    .ARM.Collect$$rtentry$$00000000  c_w.l(__rtentry.o)
    0x08000230   0x08000230   0x00000000   Code   RO         5277    .ARM.Collect$$rtentry$$00000002  c_w.l(__rtentry2.o)
    0x08000230   0x08000230   0x00000006   Code   RO         5289    .ARM.Collect$$rtentry$$00000004  c_w.l(__rtentry4.o)
    0x08000236   0x08000236   0x00000000   Code   RO         5279    .ARM.Collect$$rtentry$$00000009  c_w.l(__rtentry2.o)
    0x08000236   0x08000236   0x00000004   Code   RO         5280    .ARM.Collect$$rtentry$$0000000A  c_w.l(__rtentry2.o)
    0x0800023a   0x0800023a   0x00000000   Code   RO         5282    .ARM.Collect$$rtentry$$0000000C  c_w.l(__rtentry2.o)
    0x0800023a   0x0800023a   0x00000008   Code   RO         5283    .ARM.Collect$$rtentry$$0000000D  c_w.l(__rtentry2.o)
    0x08000242   0x08000242   0x00000002   Code   RO         5445    .ARM.Collect$$rtexit$$00000000  c_w.l(rtexit.o)
    0x08000244   0x08000244   0x00000000   Code   RO         5481    .ARM.Collect$$rtexit$$00000002  c_w.l(rtexit2.o)
    0x08000244   0x08000244   0x00000004   Code   RO         5482    .ARM.Collect$$rtexit$$00000003  c_w.l(rtexit2.o)
    0x08000248   0x08000248   0x00000006   Code   RO         5483    .ARM.Collect$$rtexit$$00000004  c_w.l(rtexit2.o)
    0x0800024e   0x0800024e   0x00000002   PAD
    0x08000250   0x08000250   0x00000040   Code   RO         1217  * .text               startup_stm32f10x_hd.o
    0x08000290   0x08000290   0x00000002   Code   RO         5103    .text               c_w.l(use_no_semi_2.o)
    0x08000292   0x08000292   0x00000002   PAD
    0x08000294   0x08000294   0x00000018   Code   RO         5109    .text               c_w.l(noretval__2printf.o)
    0x080002ac   0x080002ac   0x0000004e   Code   RO         5113    .text               c_w.l(_printf_pad.o)
    0x080002fa   0x080002fa   0x00000052   Code   RO         5115    .text               c_w.l(_printf_str.o)
    0x0800034c   0x0800034c   0x00000078   Code   RO         5117    .text               c_w.l(_printf_dec.o)
    0x080003c4   0x080003c4   0x00000058   Code   RO         5122    .text               c_w.l(_printf_hex_int.o)
    0x0800041c   0x0800041c   0x00000188   Code   RO         5157    .text               c_w.l(__printf_flags_ss_wp.o)
    0x080005a4   0x080005a4   0x0000003c   Code   RO         5167    .text               c_w.l(__0sscanf.o)
    0x080005e0   0x080005e0   0x000000e0   Code   RO         5169    .text               c_w.l(_scanf_str.o)
    0x080006c0   0x080006c0   0x00000044   Code   RO         5179    .text               c_w.l(rt_memclr.o)
    0x08000704   0x08000704   0x00000080   Code   RO         5181    .text               c_w.l(strcmpv7m.o)
    0x08000784   0x08000784   0x00000006   Code   RO         5183    .text               c_w.l(heapauxi.o)
    0x0800078a   0x0800078a   0x00000002   Code   RO         5241    .text               c_w.l(use_no_semi.o)
    0x0800078c   0x0800078c   0x000000b2   Code   RO         5246    .text               c_w.l(_printf_intcommon.o)
    0x0800083e   0x0800083e   0x0000041e   Code   RO         5248    .text               c_w.l(_printf_fp_dec.o)
    0x08000c5c   0x08000c5c   0x0000002c   Code   RO         5250    .text               c_w.l(_printf_char.o)
    0x08000c88   0x08000c88   0x00000024   Code   RO         5252    .text               c_w.l(_printf_char_file.o)
    0x08000cac   0x08000cac   0x000004f8   Code   RO         5255    .text               c_w.l(scanf_fp.o)
    0x080011a4   0x080011a4   0x0000002c   Code   RO         5257    .text               c_w.l(scanf_char.o)
    0x080011d0   0x080011d0   0x00000040   Code   RO         5259    .text               c_w.l(_sgetc.o)
    0x08001210   0x08001210   0x0000004e   Code   RO         5263    .text               c_w.l(rt_memclr_w.o)
    0x0800125e   0x0800125e   0x00000002   PAD
    0x08001260   0x08001260   0x00000008   Code   RO         5298    .text               c_w.l(rt_locale_intlibspace.o)
    0x08001268   0x08001268   0x00000008   Code   RO         5303    .text               c_w.l(rt_errno_addr_intlibspace.o)
    0x08001270   0x08001270   0x0000008a   Code   RO         5305    .text               c_w.l(lludiv10.o)
    0x080012fa   0x080012fa   0x00000012   Code   RO         5307    .text               c_w.l(isspace.o)
    0x0800130c   0x0800130c   0x00000030   Code   RO         5309    .text               c_w.l(_printf_char_common.o)
    0x0800133c   0x0800133c   0x00000080   Code   RO         5311    .text               c_w.l(_printf_fp_infnan.o)
    0x080013bc   0x080013bc   0x00000374   Code   RO         5313    .text               c_w.l(_scanf.o)
    0x08001730   0x08001730   0x000000e4   Code   RO         5315    .text               c_w.l(bigflt0.o)
    0x08001814   0x08001814   0x00000008   Code   RO         5340    .text               c_w.l(ferror.o)
    0x0800181c   0x0800181c   0x00000008   Code   RO         5367    .text               c_w.l(libspace.o)
    0x08001824   0x08001824   0x0000004a   Code   RO         5370    .text               c_w.l(sys_stackheap_outer.o)
    0x0800186e   0x0800186e   0x00000002   PAD
    0x08001870   0x08001870   0x00000010   Code   RO         5372    .text               c_w.l(rt_ctype_table.o)
    0x08001880   0x08001880   0x00000016   Code   RO         5376    .text               c_w.l(_rserrno.o)
    0x08001896   0x08001896   0x00000002   PAD
    0x08001898   0x08001898   0x00000320   Code   RO         5380    .text               c_w.l(scanf_hexfp.o)
    0x08001bb8   0x08001bb8   0x00000134   Code   RO         5382    .text               c_w.l(scanf_infnan.o)
    0x08001cec   0x08001cec   0x00000012   Code   RO         5384    .text               c_w.l(exit.o)
    0x08001cfe   0x08001cfe   0x00000026   Code   RO         5447    .text               c_w.l(llshl.o)
    0x08001d24   0x08001d24   0x0000001c   Code   RO         5449    .text               c_w.l(_chval.o)
    0x08001d40   0x08001d40   0x0000003e   Code   RO         5318    CL$$btod_d2e        c_w.l(btod.o)
    0x08001d7e   0x08001d7e   0x00000046   Code   RO         5320    CL$$btod_d2e_denorm_low  c_w.l(btod.o)
    0x08001dc4   0x08001dc4   0x00000060   Code   RO         5319    CL$$btod_d2e_norm_op1  c_w.l(btod.o)
    0x08001e24   0x08001e24   0x00000338   Code   RO         5328    CL$$btod_div_common  c_w.l(btod.o)
    0x0800215c   0x0800215c   0x00000084   Code   RO         5326    CL$$btod_e2d        c_w.l(btod.o)
    0x080021e0   0x080021e0   0x000000dc   Code   RO         5325    CL$$btod_e2e        c_w.l(btod.o)
    0x080022bc   0x080022bc   0x0000002a   Code   RO         5322    CL$$btod_ediv       c_w.l(btod.o)
    0x080022e6   0x080022e6   0x0000002a   Code   RO         5324    CL$$btod_edivd      c_w.l(btod.o)
    0x08002310   0x08002310   0x0000002a   Code   RO         5321    CL$$btod_emul       c_w.l(btod.o)
    0x0800233a   0x0800233a   0x0000002a   Code   RO         5323    CL$$btod_emuld      c_w.l(btod.o)
    0x08002364   0x08002364   0x00000244   Code   RO         5327    CL$$btod_mult_common  c_w.l(btod.o)
    0x080025a8   0x080025a8   0x00000016   Code   RO         1781    i.ADC_Cmd           stm32f10x_adc.o
    0x080025be   0x080025be   0x00000002   PAD
    0x080025c0   0x080025c0   0x0000005c   Code   RO         1783    i.ADC_DeInit        stm32f10x_adc.o
    0x0800261c   0x0800261c   0x00000014   Code   RO         1789    i.ADC_GetCalibrationStatus  stm32f10x_adc.o
    0x08002630   0x08002630   0x00000008   Code   RO         1790    i.ADC_GetConversionValue  stm32f10x_adc.o
    0x08002638   0x08002638   0x00000012   Code   RO         1792    i.ADC_GetFlagStatus  stm32f10x_adc.o
    0x0800264a   0x0800264a   0x00000014   Code   RO         1795    i.ADC_GetResetCalibrationStatus  stm32f10x_adc.o
    0x0800265e   0x0800265e   0x00000002   PAD
    0x08002660   0x08002660   0x00000050   Code   RO         1799    i.ADC_Init          stm32f10x_adc.o
    0x080026b0   0x080026b0   0x000000b8   Code   RO         1803    i.ADC_RegularChannelConfig  stm32f10x_adc.o
    0x08002768   0x08002768   0x0000000a   Code   RO         1804    i.ADC_ResetCalibration  stm32f10x_adc.o
    0x08002772   0x08002772   0x00000016   Code   RO         1806    i.ADC_SoftwareStartConvCmd  stm32f10x_adc.o
    0x08002788   0x08002788   0x0000000a   Code   RO         1808    i.ADC_StartCalibration  stm32f10x_adc.o
    0x08002792   0x08002792   0x00000002   PAD
    0x08002794   0x08002794   0x0000008c   Code   RO          342    i.Adc_Init          adc.o
    0x08002820   0x08002820   0x00000004   Code   RO          195    i.BusFault_Handler  stm32f10x_it.o
    0x08002824   0x08002824   0x00000060   Code   RO          715    i.CmdResp1Error     sdio_sdcard.o
    0x08002884   0x08002884   0x00000028   Code   RO         1997    i.DAC_Cmd           stm32f10x_dac.o
    0x080028ac   0x080028ac   0x00000034   Code   RO         2002    i.DAC_Init          stm32f10x_dac.o
    0x080028e0   0x080028e0   0x00000020   Code   RO         2003    i.DAC_SetChannel1Data  stm32f10x_dac.o
    0x08002900   0x08002900   0x00000018   Code   RO         2442    i.DMA_Cmd           stm32f10x_dma.o
    0x08002918   0x08002918   0x0000014c   Code   RO         2443    i.DMA_DeInit        stm32f10x_dma.o
    0x08002a64   0x08002a64   0x00000008   Code   RO         2444    i.DMA_GetCurrDataCounter  stm32f10x_dma.o
    0x08002a6c   0x08002a6c   0x0000003c   Code   RO         2448    i.DMA_Init          stm32f10x_dma.o
    0x08002aa8   0x08002aa8   0x00000004   Code   RO         2449    i.DMA_SetCurrDataCounter  stm32f10x_dma.o
    0x08002aac   0x08002aac   0x00000064   Code   RO          366    i.Dac1_Init         dac.o
    0x08002b10   0x08002b10   0x00000058   Code   RO          367    i.Dac1_Set_Vol      dac.o
    0x08002b68   0x08002b68   0x00000002   Code   RO          196    i.DebugMon_Handler  stm32f10x_it.o
    0x08002b6a   0x08002b6a   0x00000002   PAD
    0x08002b6c   0x08002b6c   0x00000034   Code   RO          677    i.EXTI0_IRQHandler  exti.o
    0x08002ba0   0x08002ba0   0x00000034   Code   RO          678    i.EXTI2_IRQHandler  exti.o
    0x08002bd4   0x08002bd4   0x00000034   Code   RO          679    i.EXTI3_IRQHandler  exti.o
    0x08002c08   0x08002c08   0x00000034   Code   RO          680    i.EXTI4_IRQHandler  exti.o
    0x08002c3c   0x08002c3c   0x000000e4   Code   RO          681    i.EXTIX_Init        exti.o
    0x08002d20   0x08002d20   0x0000000c   Code   RO         2513    i.EXTI_ClearITPendingBit  stm32f10x_exti.o
    0x08002d2c   0x08002d2c   0x00000094   Code   RO         2518    i.EXTI_Init         stm32f10x_exti.o
    0x08002dc0   0x08002dc0   0x00000034   Code   RO         2751    i.FSMC_NORSRAMCmd   stm32f10x_fsmc.o
    0x08002df4   0x08002df4   0x000000e6   Code   RO         2753    i.FSMC_NORSRAMInit  stm32f10x_fsmc.o
    0x08002eda   0x08002eda   0x00000002   PAD
    0x08002edc   0x08002edc   0x00000040   Code   RO         1260    i.GPIO_EXTILineConfig  stm32f10x_gpio.o
    0x08002f1c   0x08002f1c   0x00000116   Code   RO         1263    i.GPIO_Init         stm32f10x_gpio.o
    0x08003032   0x08003032   0x00000012   Code   RO         1267    i.GPIO_ReadInputDataBit  stm32f10x_gpio.o
    0x08003044   0x08003044   0x00000004   Code   RO         1270    i.GPIO_ResetBits    stm32f10x_gpio.o
    0x08003048   0x08003048   0x00000004   Code   RO         1271    i.GPIO_SetBits      stm32f10x_gpio.o
    0x0800304c   0x0800304c   0x000000b8   Code   RO         1037    i.GaoJiBeng_XianShi  gaojibeng.o
    0x08003104   0x08003104   0x00000034   Code   RO          343    i.Get_Adc           adc.o
    0x08003138   0x08003138   0x0000002e   Code   RO          344    i.Get_Adc_Average   adc.o
    0x08003166   0x08003166   0x00000004   Code   RO          197    i.HardFault_Handler  stm32f10x_it.o
    0x0800316a   0x0800316a   0x00000002   PAD
    0x0800316c   0x0800316c   0x000000cc   Code   RO          330    i.JiDdianQi_Init    jidianqi.o
    0x08003238   0x08003238   0x0000003c   Code   RO          639    i.KEY_Init          key.o
    0x08003274   0x08003274   0x0000006c   Code   RO          385    i.LCD_Clear         lcd.o
    0x080032e0   0x080032e0   0x000001c0   Code   RO          389    i.LCD_Display_Dir   lcd.o
    0x080034a0   0x080034a0   0x0000017c   Code   RO          394    i.LCD_Fast_DrawPoint  lcd.o
    0x0800361c   0x0800361c   0x00003774   Code   RO          396    i.LCD_Init          lcd.o
    0x08006d90   0x08006d90   0x00000016   Code   RO          397    i.LCD_Pow           lcd.o
    0x08006da6   0x08006da6   0x00000002   PAD
    0x08006da8   0x08006da8   0x00000014   Code   RO          398    i.LCD_RD_DATA       lcd.o
    0x08006dbc   0x08006dbc   0x00000016   Code   RO          400    i.LCD_ReadReg       lcd.o
    0x08006dd2   0x08006dd2   0x00000002   PAD
    0x08006dd4   0x08006dd4   0x00000054   Code   RO          401    i.LCD_SSD_BackLightSet  lcd.o
    0x08006e28   0x08006e28   0x000002ec   Code   RO          402    i.LCD_Scan_Dir      lcd.o
    0x08007114   0x08007114   0x000001a8   Code   RO          403    i.LCD_SetCursor     lcd.o
    0x080072bc   0x080072bc   0x00000128   Code   RO          405    i.LCD_ShowChar      lcd.o
    0x080073e4   0x080073e4   0x00000066   Code   RO          407    i.LCD_ShowString    lcd.o
    0x0800744a   0x0800744a   0x000000be   Code   RO          408    i.LCD_ShowxNum      lcd.o
    0x08007508   0x08007508   0x0000000c   Code   RO          409    i.LCD_WR_DATA       lcd.o
    0x08007514   0x08007514   0x0000000c   Code   RO          410    i.LCD_WR_REG        lcd.o
    0x08007520   0x08007520   0x00000014   Code   RO          412    i.LCD_WriteRAM_Prepare  lcd.o
    0x08007534   0x08007534   0x00000010   Code   RO          413    i.LCD_WriteReg      lcd.o
    0x08007544   0x08007544   0x0000004c   Code   RO          318    i.LED_Init          led.o
    0x08007590   0x08007590   0x00000004   Code   RO          198    i.MemManage_Handler  stm32f10x_it.o
    0x08007594   0x08007594   0x00000002   Code   RO          199    i.NMI_Handler       stm32f10x_it.o
    0x08007596   0x08007596   0x00000002   PAD
    0x08007598   0x08007598   0x00000070   Code   RO         1221    i.NVIC_Init         misc.o
    0x08007608   0x08007608   0x00000014   Code   RO         1222    i.NVIC_PriorityGroupConfig  misc.o
    0x0800761c   0x0800761c   0x00000002   Code   RO          200    i.PendSV_Handler    stm32f10x_it.o
    0x0800761e   0x0800761e   0x00000002   PAD
    0x08007620   0x08007620   0x00000018   Code   RO         1395    i.RCC_ADCCLKConfig  stm32f10x_rcc.o
    0x08007638   0x08007638   0x00000020   Code   RO         1396    i.RCC_AHBPeriphClockCmd  stm32f10x_rcc.o
    0x08007658   0x08007658   0x00000020   Code   RO         1397    i.RCC_APB1PeriphClockCmd  stm32f10x_rcc.o
    0x08007678   0x08007678   0x00000020   Code   RO         1399    i.RCC_APB2PeriphClockCmd  stm32f10x_rcc.o
    0x08007698   0x08007698   0x00000020   Code   RO         1400    i.RCC_APB2PeriphResetCmd  stm32f10x_rcc.o
    0x080076b8   0x080076b8   0x000000d4   Code   RO         1407    i.RCC_GetClocksFreq  stm32f10x_rcc.o
    0x0800778c   0x0800778c   0x0000000c   Code   RO         3257    i.SDIO_ClearFlag    stm32f10x_sdio.o
    0x08007798   0x08007798   0x00000018   Code   RO         3269    i.SDIO_GetFlagStatus  stm32f10x_sdio.o
    0x080077b0   0x080077b0   0x00000008   Code   RO          724    i.SDIO_IRQHandler   sdio_sdcard.o
    0x080077b8   0x080077b8   0x0000002c   Code   RO         3277    i.SDIO_SendCommand  stm32f10x_sdio.o
    0x080077e4   0x080077e4   0x0000013c   Code   RO          733    i.SD_ProcessIRQSrc  sdio_sdcard.o
    0x08007920   0x08007920   0x00000002   Code   RO          201    i.SVC_Handler       stm32f10x_it.o
    0x08007922   0x08007922   0x00000008   Code   RO          284    i.SetSysClock       system_stm32f10x.o
    0x0800792a   0x0800792a   0x00000002   PAD
    0x0800792c   0x0800792c   0x000000e0   Code   RO          285    i.SetSysClockTo72   system_stm32f10x.o
    0x08007a0c   0x08007a0c   0x00000028   Code   RO         1225    i.SysTick_CLKSourceConfig  misc.o
    0x08007a34   0x08007a34   0x00000002   Code   RO          202    i.SysTick_Handler   stm32f10x_it.o
    0x08007a36   0x08007a36   0x00000002   PAD
    0x08007a38   0x08007a38   0x00000060   Code   RO          287    i.SystemInit        system_stm32f10x.o
    0x08007a98   0x08007a98   0x0000002c   Code   RO          658    i.TIM3_IRQHandler   timer.o
    0x08007ac4   0x08007ac4   0x00000060   Code   RO          659    i.TIM3_Int_Init     timer.o
    0x08007b24   0x08007b24   0x00000038   Code   RO         4188    i.TIM4_IRQHandler   usmart.o
    0x08007b5c   0x08007b5c   0x00000006   Code   RO         3596    i.TIM_ClearFlag     stm32f10x_tim.o
    0x08007b62   0x08007b62   0x00000006   Code   RO         3597    i.TIM_ClearITPendingBit  stm32f10x_tim.o
    0x08007b68   0x08007b68   0x00000018   Code   RO         3602    i.TIM_Cmd           stm32f10x_tim.o
    0x08007b80   0x08007b80   0x00000006   Code   RO         3621    i.TIM_GetCounter    stm32f10x_tim.o
    0x08007b86   0x08007b86   0x00000012   Code   RO         3622    i.TIM_GetFlagStatus  stm32f10x_tim.o
    0x08007b98   0x08007b98   0x00000022   Code   RO         3623    i.TIM_GetITStatus   stm32f10x_tim.o
    0x08007bba   0x08007bba   0x00000012   Code   RO         3627    i.TIM_ITConfig      stm32f10x_tim.o
    0x08007bcc   0x08007bcc   0x00000004   Code   RO         3661    i.TIM_SetAutoreload  stm32f10x_tim.o
    0x08007bd0   0x08007bd0   0x00000004   Code   RO         3667    i.TIM_SetCounter    stm32f10x_tim.o
    0x08007bd4   0x08007bd4   0x000000a4   Code   RO         3673    i.TIM_TimeBaseInit  stm32f10x_tim.o
    0x08007c78   0x08007c78   0x0000005c   Code   RO         4189    i.Timer4_Init       usmart.o
    0x08007cd4   0x08007cd4   0x00000088   Code   RO         1163    i.USART1_IRQHandler  usart.o
    0x08007d5c   0x08007d5c   0x0000007c   Code   RO         1050    i.USART2_IRQHandler  usart2.o
    0x08007dd8   0x08007dd8   0x0000007c   Code   RO          594    i.USART3_IRQHandler  usart3.o
    0x08007e54   0x08007e54   0x0000001e   Code   RO         1596    i.USART_ClearITPendingBit  stm32f10x_usart.o
    0x08007e72   0x08007e72   0x00000018   Code   RO         1599    i.USART_Cmd         stm32f10x_usart.o
    0x08007e8a   0x08007e8a   0x00000012   Code   RO         1600    i.USART_DMACmd      stm32f10x_usart.o
    0x08007e9c   0x08007e9c   0x00000054   Code   RO         1603    i.USART_GetITStatus  stm32f10x_usart.o
    0x08007ef0   0x08007ef0   0x0000004a   Code   RO         1605    i.USART_ITConfig    stm32f10x_usart.o
    0x08007f3a   0x08007f3a   0x00000002   PAD
    0x08007f3c   0x08007f3c   0x000000d8   Code   RO         1606    i.USART_Init        stm32f10x_usart.o
    0x08008014   0x08008014   0x0000000a   Code   RO         1613    i.USART_ReceiveData  stm32f10x_usart.o
    0x0800801e   0x0800801e   0x00000004   Code   RO          203    i.UsageFault_Handler  stm32f10x_it.o
    0x08008022   0x08008022   0x00000028   Code   RO         5359    i.__ARM_fpclassify  m_ws.l(fpclassify.o)
    0x0800804a   0x0800804a   0x0000000e   Code   RO         5503    i.__mathlib_dbl_overflow  m_ws.l(dunder.o)
    0x08008058   0x08008058   0x00000010   Code   RO         5505    i.__mathlib_dbl_underflow  m_ws.l(dunder.o)
    0x08008068   0x08008068   0x00000010   Code   RO         5361    i.__mathlib_narrow  m_ws.l(narrow.o)
    0x08008078   0x08008078   0x000000bc   Code   RO         5362    i.__mathlib_tofloat  m_ws.l(narrow.o)
    0x08008134   0x08008134   0x00000016   Code   RO         5469    i.__support_ldexp   m_ws.l(ldexp.o)
    0x0800814a   0x0800814a   0x0000000e   Code   RO         5150    i._is_digit         c_w.l(__printf_wp.o)
    0x08008158   0x08008158   0x00000006   Code   RO         1164    i._sys_exit         usart.o
    0x0800815e   0x0800815e   0x00000018   Code   RO         1051    i.byte2float        usart2.o
    0x08008176   0x08008176   0x00000002   PAD
    0x08008178   0x08008178   0x00000044   Code   RO         1096    i.delay_init        delay.o
    0x080081bc   0x080081bc   0x0000004c   Code   RO         1097    i.delay_ms          delay.o
    0x08008208   0x08008208   0x0000001a   Code   RO         1098    i.delay_s           delay.o
    0x08008222   0x08008222   0x00000002   PAD
    0x08008224   0x08008224   0x0000004c   Code   RO         1099    i.delay_us          delay.o
    0x08008270   0x08008270   0x00000028   Code   RO         1100    i.deyay_min         delay.o
    0x08008298   0x08008298   0x0000001c   Code   RO         1165    i.fputc             usart.o
    0x080082b4   0x080082b4   0x00000058   Code   RO         5442    i.frexp             m_ws.l(frexp.o)
    0x0800830c   0x0800830c   0x0000000c   Code   RO          595    i.get_kg_data       usart3.o
    0x08008318   0x08008318   0x00000074   Code   RO         5470    i.ldexp             m_ws.l(ldexp.o)
    0x0800838c   0x0800838c   0x000004b8   Code   RO            1    i.main              main.o
    0x08008844   0x08008844   0x00000090   Code   RO          596    i.parse_dianzichen_data  usart3.o
    0x080088d4   0x080088d4   0x000000a4   Code   RO         1052    i.parse_recv_data   usart2.o
    0x08008978   0x08008978   0x00000006   Code   RO         4190    i.read_addr         usmart.o
    0x0800897e   0x0800897e   0x00000002   PAD
    0x08008980   0x08008980   0x000000f4   Code   RO         1055    i.uart2_init        usart2.o
    0x08008a74   0x08008a74   0x000000f8   Code   RO          597    i.uart3_init        usart3.o
    0x08008b6c   0x08008b6c   0x000000a0   Code   RO         1166    i.uart_init         usart.o
    0x08008c0c   0x08008c0c   0x000000b0   Code   RO         4191    i.usmart_cmd_rec    usmart.o
    0x08008cbc   0x08008cbc   0x000002d4   Code   RO         4192    i.usmart_exe        usmart.o
    0x08008f90   0x08008f90   0x000000c8   Code   RO         4277    i.usmart_get_aparm  usmart_str.o
    0x08009058   0x08009058   0x00000036   Code   RO         4278    i.usmart_get_cmdname  usmart_str.o
    0x0800908e   0x0800908e   0x00000002   PAD
    0x08009090   0x08009090   0x000001c0   Code   RO         4279    i.usmart_get_fname  usmart_str.o
    0x08009250   0x08009250   0x0000010c   Code   RO         4280    i.usmart_get_fparam  usmart_str.o
    0x0800935c   0x0800935c   0x00000020   Code   RO         4281    i.usmart_get_parmpos  usmart_str.o
    0x0800937c   0x0800937c   0x00000044   Code   RO         4193    i.usmart_get_runtime  usmart.o
    0x080093c0   0x080093c0   0x00000028   Code   RO         4194    i.usmart_init       usmart.o
    0x080093e8   0x080093e8   0x00000016   Code   RO         4282    i.usmart_pow        usmart_str.o
    0x080093fe   0x080093fe   0x00000002   PAD
    0x08009400   0x08009400   0x00000030   Code   RO         4195    i.usmart_reset_runtime  usmart.o
    0x08009430   0x08009430   0x000000bc   Code   RO         4196    i.usmart_scan       usmart.o
    0x080094ec   0x080094ec   0x00000016   Code   RO         4283    i.usmart_search_nextc  usmart_str.o
    0x08009502   0x08009502   0x000000ca   Code   RO         4284    i.usmart_str2num    usmart_str.o
    0x080095cc   0x080095cc   0x00000022   Code   RO         4285    i.usmart_strcmp     usmart_str.o
    0x080095ee   0x080095ee   0x00000016   Code   RO         4286    i.usmart_strcopy    usmart_str.o
    0x08009604   0x08009604   0x00000018   Code   RO         4287    i.usmart_strlen     usmart_str.o
    0x0800961c   0x0800961c   0x000006e4   Code   RO         4197    i.usmart_sys_cmd_exe  usmart.o
    0x08009d00   0x08009d00   0x00000004   Code   RO         4198    i.write_addr        usmart.o
    0x08009d04   0x08009d04   0x0000002c   Code   RO         5345    locale$$code        c_w.l(lc_numeric_c.o)
    0x08009d30   0x08009d30   0x0000002c   Code   RO         5452    locale$$code        c_w.l(lc_ctype_c.o)
    0x08009d5c   0x08009d5c   0x00000062   Code   RO         5187    x$fpl$d2f           fz_ws.l(d2f.o)
    0x08009dbe   0x08009dbe   0x00000002   PAD
    0x08009dc0   0x08009dc0   0x00000150   Code   RO         5189    x$fpl$dadd          fz_ws.l(daddsub_clz.o)
    0x08009f10   0x08009f10   0x00000010   Code   RO         5497    x$fpl$dcheck1       fz_ws.l(dcheck1.o)
    0x08009f20   0x08009f20   0x00000018   Code   RO         5460    x$fpl$dcmpinf       fz_ws.l(dcmpi.o)
    0x08009f38   0x08009f38   0x000002b0   Code   RO         5196    x$fpl$ddiv          fz_ws.l(ddiv.o)
    0x0800a1e8   0x0800a1e8   0x00000078   Code   RO         5437    x$fpl$deqf          fz_ws.l(deqf.o)
    0x0800a260   0x0800a260   0x0000005a   Code   RO         5199    x$fpl$dfixu         fz_ws.l(dfixu.o)
    0x0800a2ba   0x0800a2ba   0x0000002e   Code   RO         5204    x$fpl$dflt          fz_ws.l(dflt_clz.o)
    0x0800a2e8   0x0800a2e8   0x00000026   Code   RO         5203    x$fpl$dfltu         fz_ws.l(dflt_clz.o)
    0x0800a30e   0x0800a30e   0x00000002   PAD
    0x0800a310   0x0800a310   0x00000078   Code   RO         5462    x$fpl$dleqf         fz_ws.l(dleqf.o)
    0x0800a388   0x0800a388   0x00000154   Code   RO         5209    x$fpl$dmul          fz_ws.l(dmul.o)
    0x0800a4dc   0x0800a4dc   0x0000009c   Code   RO         5265    x$fpl$dnaninf       fz_ws.l(dnaninf.o)
    0x0800a578   0x0800a578   0x0000000c   Code   RO         5267    x$fpl$dretinf       fz_ws.l(dretinf.o)
    0x0800a584   0x0800a584   0x0000006c   Code   RO         5439    x$fpl$drleqf        fz_ws.l(drleqf.o)
    0x0800a5f0   0x0800a5f0   0x000001d4   Code   RO         5191    x$fpl$dsub          fz_ws.l(daddsub_clz.o)
    0x0800a7c4   0x0800a7c4   0x00000056   Code   RO         5211    x$fpl$f2d           fz_ws.l(f2d.o)
    0x0800a81a   0x0800a81a   0x00000002   PAD
    0x0800a81c   0x0800a81c   0x000000c4   Code   RO         5213    x$fpl$fadd          fz_ws.l(faddsub_clz.o)
    0x0800a8e0   0x0800a8e0   0x00000184   Code   RO         5220    x$fpl$fdiv          fz_ws.l(fdiv.o)
    0x0800aa64   0x0800aa64   0x0000003e   Code   RO         5225    x$fpl$ffixu         fz_ws.l(ffixu.o)
    0x0800aaa2   0x0800aaa2   0x00000002   PAD
    0x0800aaa4   0x0800aaa4   0x00000026   Code   RO         5229    x$fpl$ffltu         fz_ws.l(fflt_clz.o)
    0x0800aaca   0x0800aaca   0x00000002   PAD
    0x0800aacc   0x0800aacc   0x00000102   Code   RO         5235    x$fpl$fmul          fz_ws.l(fmul.o)
    0x0800abce   0x0800abce   0x0000008c   Code   RO         5271    x$fpl$fnaninf       fz_ws.l(fnaninf.o)
    0x0800ac5a   0x0800ac5a   0x0000000a   Code   RO         5273    x$fpl$fretinf       fz_ws.l(fretinf.o)
    0x0800ac64   0x0800ac64   0x00000014   Code   RO         5214    x$fpl$frsb          fz_ws.l(faddsub_clz.o)
    0x0800ac78   0x0800ac78   0x000000ea   Code   RO         5215    x$fpl$fsub          fz_ws.l(faddsub_clz.o)
    0x0800ad62   0x0800ad62   0x00000006   Code   RO         5351    x$fpl$ieeestatus    fz_ws.l(istatus.o)
    0x0800ad68   0x0800ad68   0x00000004   Code   RO         5237    x$fpl$printf1       fz_ws.l(printf1.o)
    0x0800ad6c   0x0800ad6c   0x00000064   Code   RO         5529    x$fpl$retnan        fz_ws.l(retnan.o)
    0x0800add0   0x0800add0   0x0000005c   Code   RO         5466    x$fpl$scalbn        fz_ws.l(scalbn.o)
    0x0800ae2c   0x0800ae2c   0x00000004   Code   RO         5239    x$fpl$scanf1        fz_ws.l(scanf1.o)
    0x0800ae30   0x0800ae30   0x00000008   Code   RO         5353    x$fpl$scanf2        fz_ws.l(scanf2.o)
    0x0800ae38   0x0800ae38   0x00000030   Code   RO         5554    x$fpl$trapveneer    fz_ws.l(trapv.o)
    0x0800ae68   0x0800ae68   0x00000000   Code   RO         5275    x$fpl$usenofp       fz_ws.l(usenofp.o)
    0x0800ae68   0x0800ae68   0x000017c0   Data   RO          416    .constdata          lcd.o
    0x0800c628   0x0800c628   0x00000028   Data   RO         5123    .constdata          c_w.l(_printf_hex_int.o)
    0x0800c650   0x0800c650   0x00000011   Data   RO         5158    .constdata          c_w.l(__printf_flags_ss_wp.o)
    0x0800c661   0x0800c661   0x00000003   PAD
    0x0800c664   0x0800c664   0x00000094   Data   RO         5316    .constdata          c_w.l(bigflt0.o)
    0x0800c6f8   0x0800c6f8   0x00000028   Data   RO         4199    .conststring        usmart.o
    0x0800c720   0x0800c720   0x00000087   Data   RO         4264    .conststring        usmart_config.o
    0x0800c7a7   0x0800c7a7   0x00000001   PAD
    0x0800c7a8   0x0800c7a8   0x00000020   Data   RO         5570    Region$$Table       anon$$obj.o
    0x0800c7c8   0x0800c7c8   0x00000008   Data   RO         5347    c$$dinf             fz_ws.l(fpconst.o)
    0x0800c7d0   0x0800c7d0   0x00000008   Data   RO         5350    c$$dmax             fz_ws.l(fpconst.o)
    0x0800c7d8   0x0800c7d8   0x0000001c   Data   RO         5344    locale$$data        c_w.l(lc_numeric_c.o)
    0x0800c7f4   0x0800c7f4   0x00000110   Data   RO         5451    locale$$data        c_w.l(lc_ctype_c.o)


    Execution Region ER_RW (Exec base: 0x20000000, Load base: 0x0800c904, Size: 0x000001a0, Max: 0xffffffff, ABSOLUTE, COMPRESSED[0x00000074])

    Exec Addr    Load Addr    Size         Type   Attr      Idx    E Section Name        Object

    0x20000000   COMPRESSED   0x0000000e   Data   RW            2    .data               main.o
    0x2000000e   COMPRESSED   0x00000002   PAD
    0x20000010   COMPRESSED   0x00000014   Data   RW          288    .data               system_stm32f10x.o
    0x20000024   COMPRESSED   0x00000004   Data   RW          417    .data               lcd.o
    0x20000028   COMPRESSED   0x00000010   Data   RW          599    .data               usart3.o
    0x20000038   COMPRESSED   0x00000010   Data   RW          745    .data               sdio_sdcard.o
    0x20000048   COMPRESSED   0x00000004   Data   RW         1101    .data               delay.o
    0x2000004c   COMPRESSED   0x00000006   Data   RW         1168    .data               usart.o
    0x20000052   COMPRESSED   0x00000014   Data   RW         1427    .data               stm32f10x_rcc.o
    0x20000066   COMPRESSED   0x00000002   PAD
    0x20000068   COMPRESSED   0x0000001c   Data   RW         4200    .data               usmart.o
    0x20000084   COMPRESSED   0x0000011c   Data   RW         4265    .data               usmart_config.o


    Execution Region ER_ZI (Exec base: 0x200001a0, Load base: 0x0800c978, Size: 0x00000d40, Max: 0xffffffff, ABSOLUTE)

    Exec Addr    Load Addr    Size         Type   Attr      Idx    E Section Name        Object

    0x200001a0        -       0x0000000e   Zero   RW          415    .bss                lcd.o
    0x200001ae        -       0x000001c8   Zero   RW          598    .bss                usart3.o
    0x20000376   0x0800c978   0x00000002   PAD
    0x20000378        -       0x000002c0   Zero   RW          744    .bss                sdio_sdcard.o
    0x20000638        -       0x00000180   Zero   RW         1056    .bss                usart2.o
    0x200007b8        -       0x000000c8   Zero   RW         1167    .bss                usart.o
    0x20000880        -       0x00000060   Zero   RW         5368    .bss                c_w.l(libspace.o)
    0x200008e0        -       0x00000200   Zero   RW         1215    HEAP                startup_stm32f10x_hd.o
    0x20000ae0        -       0x00000400   Zero   RW         1214    STACK               startup_stm32f10x_hd.o



  Load Region LR$$.ARM.__AT_0x68000000 (Base: 0x68000000, Size: 0x00000000, Max: 0x000f0000, ABSOLUTE)

    Execution Region ER$$.ARM.__AT_0x68000000 (Exec base: 0x68000000, Load base: 0x68000000, Size: 0x000f0000, Max: 0x000f0000, ABSOLUTE, UNINIT)

    Exec Addr    Load Addr    Size         Type   Attr      Idx    E Section Name        Object

    0x68000000        -       0x000f0000   Zero   RW         4358    .ARM.__AT_0x68000000  malloc.o



  Load Region LR$$.ARM.__AT_0x680F0000 (Base: 0x680f0000, Size: 0x00000000, Max: 0x0000f000, ABSOLUTE)

    Execution Region ER$$.ARM.__AT_0x680F0000 (Exec base: 0x680f0000, Load base: 0x680f0000, Size: 0x0000f000, Max: 0x0000f000, ABSOLUTE, UNINIT)

    Exec Addr    Load Addr    Size         Type   Attr      Idx    E Section Name        Object

    0x680f0000        -       0x0000f000   Zero   RW         4359    .ARM.__AT_0x680F0000  malloc.o


==============================================================================

Image component sizes


      Code (inc. data)   RO Data    RW Data    ZI Data      Debug   Object Name

       238         14          0          0          0       1715   adc.o
       188         14          0          0          0       1087   dac.o
       286         26          0          4          0       2693   delay.o
       436         38          0          0          0       2481   exti.o
       184         18          0          0          0        504   gaojibeng.o
       204          4          0          0          0        589   jidianqi.o
        60          8          0          0          0        479   key.o
     17100        184       6080          4         14      21360   lcd.o
        76          8          0          0          0        483   led.o
      1208        118          0         14          0     297130   main.o
         0          0          0          0    1044480       1513   malloc.o
       172         22          0          0          0       1981   misc.o
       420         26          0         16        704      11318   sdio_sdcard.o
        64         26        304          0       1536        788   startup_stm32f10x_hd.o
       486         24          0          0          0       8374   stm32f10x_adc.o
       124         18          0          0          0       2331   stm32f10x_dac.o
       428          8          0          0          0       4432   stm32f10x_dma.o
       160         12          0          0          0       1441   stm32f10x_exti.o
       282          6          0          0          0       1757   stm32f10x_fsmc.o
       368          4          0          0          0       4162   stm32f10x_gpio.o
        26          0          0          0          0       3534   stm32f10x_it.o
       364         50          0         20          0       5974   stm32f10x_rcc.o
        80         16          0          0          0       3373   stm32f10x_sdio.o
       284         42          0          0          0       6100   stm32f10x_tim.o
       456          6          0          0          0       6075   stm32f10x_usart.o
         0          0          0          0          0         32   sys.o
       328         28          0         20          0       1997   system_stm32f10x.o
       140         16          0          0          0       1098   timer.o
       330         26          0          6        200       4032   usart.o
       556        106          0          0        384       3383   usart2.o
       528        122          0         16        456       3219   usart3.o
      3166       1330         40         28          0       7326   usmart.o
         0          0        135        284          0       1580   usmart_config.o
      1328         20          0          0          0       8241   usmart_str.o

    ----------------------------------------------------------------------
     30106       2340       6592        416    1047776     422582   Object Totals
         0          0         32          0          0          0   (incl. Generated)
        36          0          1          4          2          0   (incl. Padding)

    ----------------------------------------------------------------------

      Code (inc. data)   RO Data    RW Data    ZI Data      Debug   Library Member Name

        60          8          0          0          0         84   __0sscanf.o
        90          0          0          0          0          0   __dczerorl2.o
         8          0          0          0          0         68   __main.o
       392          4         17          0          0         92   __printf_flags_ss_wp.o
        14          0          0          0          0         68   __printf_wp.o
         0          0          0          0          0          0   __rtentry.o
        12          0          0          0          0          0   __rtentry2.o
         6          0          0          0          0          0   __rtentry4.o
        52          8          0          0          0          0   __scatter.o
        28          0          0          0          0          0   __scatter_zi.o
        28          0          0          0          0         68   _chval.o
         6          0          0          0          0          0   _printf_c.o
        44          0          0          0          0        108   _printf_char.o
        48          6          0          0          0         96   _printf_char_common.o
        36          4          0          0          0         80   _printf_char_file.o
         6          0          0          0          0          0   _printf_d.o
       120         16          0          0          0         92   _printf_dec.o
         6          0          0          0          0          0   _printf_f.o
      1054          0          0          0          0        216   _printf_fp_dec.o
       128         16          0          0          0         84   _printf_fp_infnan.o
        88          4         40          0          0         88   _printf_hex_int.o
       178          0          0          0          0         88   _printf_intcommon.o
        78          0          0          0          0        108   _printf_pad.o
         0          0          0          0          0          0   _printf_percent.o
         4          0          0          0          0          0   _printf_percent_end.o
         6          0          0          0          0          0   _printf_s.o
        82          0          0          0          0         80   _printf_str.o
         6          0          0          0          0          0   _printf_u.o
         6          0          0          0          0          0   _printf_x.o
        22          0          0          0          0        100   _rserrno.o
       884          6          0          0          0        100   _scanf.o
       224          0          0          0          0         96   _scanf_str.o
        64          0          0          0          0         84   _sgetc.o
       228          4        148          0          0         96   bigflt0.o
      2152        136          0          0          0        960   btod.o
        18          0          0          0          0         80   exit.o
         8          0          0          0          0         68   ferror.o
         6          0          0          0          0        152   heapauxi.o
        18          0          0          0          0         76   isspace.o
        44         10        272          0          0         76   lc_ctype_c.o
        44         10         28          0          0         76   lc_numeric_c.o
         2          0          0          0          0          0   libinit.o
        30          0          0          0          0          0   libinit2.o
         2          0          0          0          0          0   libshutdown.o
         2          0          0          0          0          0   libshutdown2.o
         8          4          0          0         96         68   libspace.o
        38          0          0          0          0         68   llshl.o
       138          0          0          0          0         80   lludiv10.o
        24          4          0          0          0         84   noretval__2printf.o
        16          4          0          0          0         76   rt_ctype_table.o
         8          4          0          0          0         68   rt_errno_addr_intlibspace.o
         8          4          0          0          0         68   rt_locale_intlibspace.o
        68          0          0          0          0         68   rt_memclr.o
        78          0          0          0          0         80   rt_memclr_w.o
         2          0          0          0          0          0   rtexit.o
        10          0          0          0          0          0   rtexit2.o
        44          8          0          0          0         84   scanf_char.o
      1272         16          0          0          0        168   scanf_fp.o
       800         14          0          0          0        100   scanf_hexfp.o
       308         16          0          0          0        100   scanf_infnan.o
       128          0          0          0          0         68   strcmpv7m.o
        74          0          0          0          0         80   sys_stackheap_outer.o
         2          0          0          0          0         68   use_no_semi.o
         2          0          0          0          0         68   use_no_semi_2.o
        98          4          0          0          0         92   d2f.o
       804         16          0          0          0        272   daddsub_clz.o
        16          4          0          0          0         68   dcheck1.o
        24          0          0          0          0         68   dcmpi.o
       688        140          0          0          0        208   ddiv.o
       120          4          0          0          0         92   deqf.o
        90          4          0          0          0         92   dfixu.o
        84          0          0          0          0        136   dflt_clz.o
       120          4          0          0          0         92   dleqf.o
       340         12          0          0          0        104   dmul.o
       156          4          0          0          0         92   dnaninf.o
        12          0          0          0          0         68   dretinf.o
       108          0          0          0          0         80   drleqf.o
        86          4          0          0          0         84   f2d.o
       450          8          0          0          0        236   faddsub_clz.o
       388         76          0          0          0         96   fdiv.o
        62          4          0          0          0         84   ffixu.o
        38          0          0          0          0         68   fflt_clz.o
       258          4          0          0          0         84   fmul.o
       140          4          0          0          0         84   fnaninf.o
         0          0         16          0          0          0   fpconst.o
        10          0          0          0          0         68   fretinf.o
         6          0          0          0          0         68   istatus.o
         4          0          0          0          0         68   printf1.o
       100          0          0          0          0         68   retnan.o
        92          0          0          0          0         68   scalbn.o
         4          0          0          0          0         68   scanf1.o
         8          0          0          0          0         84   scanf2.o
        48          0          0          0          0         68   trapv.o
         0          0          0          0          0          0   usenofp.o
        30          6          0          0          0        136   dunder.o
        40          0          0          0          0         68   fpclassify.o
        88          8          0          0          0         76   frexp.o
       138          0          0          0          0        160   ldexp.o
       204          4          0          0          0        168   narrow.o

    ----------------------------------------------------------------------
     14238        616        524          0         96       8148   Library Totals
        22          0          3          0          0          0   (incl. Padding)

    ----------------------------------------------------------------------

      Code (inc. data)   RO Data    RW Data    ZI Data      Debug   Library Name

      9362        306        505          0         96       4780   c_w.l
      4354        292         16          0          0       2760   fz_ws.l
       500         18          0          0          0        608   m_ws.l

    ----------------------------------------------------------------------
     14238        616        524          0         96       8148   Library Totals

    ----------------------------------------------------------------------

==============================================================================


      Code (inc. data)   RO Data    RW Data    ZI Data      Debug   

     44344       2956       7116        416    1047872     418714   Grand Totals
     44344       2956       7116        116    1047872     418714   ELF Image Totals (compressed)
     44344       2956       7116        116          0          0   ROM Totals

==============================================================================

    Total RO  Size (Code + RO Data)                51460 (  50.25kB)
    Total RW  Size (RW Data + ZI Data)           1048288 (1023.72kB)
    Total ROM Size (Code + RO Data + RW Data)      51576 (  50.37kB)

==============================================================================

